

================================================================
== Vivado HLS Report for 'c_sum'
================================================================
* Date:           Wed Dec 12 12:37:01 2018

* Version:        2018.2 (Build 2258646 on Thu Jun 14 20:25:20 MDT 2018)
* Project:        hls8BitFloatMod
* Solution:       Lenet5_50MHz
* Product family: artix7
* Target device:  xc7a100tcsg324-1


================================================================
== Performance Estimates
================================================================
+ Timing (ns): 
    * Summary: 
    +--------+-------+----------+------------+
    |  Clock | Target| Estimated| Uncertainty|
    +--------+-------+----------+------------+
    |ap_clk  |  20.00|    13.626|        2.50|
    +--------+-------+----------+------------+

+ Latency (clock cycles): 
    * Summary: 
    +-----+-----+-----+-----+---------+
    |  Latency  |  Interval | Pipeline|
    | min | max | min | max |   Type  |
    +-----+-----+-----+-----+---------+
    |  720|  720|  720|  720|   none  |
    +-----+-----+-----+-----+---------+

    + Detail: 
        * Instance: 
        N/A

        * Loop: 
        +-----------------+-----+-----+----------+-----------+-----------+------+----------+
        |                 |  Latency  | Iteration|  Initiation Interval  | Trip |          |
        |    Loop Name    | min | max |  Latency |  achieved |   target  | Count| Pipelined|
        +-----------------+-----+-----+----------+-----------+-----------+------+----------+
        |- Loop 1         |   70|   70|        14|          -|          -|     5|    no    |
        | + Loop 1.1      |   12|   12|         2|          -|          -|     6|    no    |
        |- Loop 2         |  648|  648|       162|          -|          -|     4|    no    |
        | + Loop 2.1      |  160|  160|        32|          -|          -|     5|    no    |
        |  ++ Loop 2.1.1  |   30|   30|         5|          -|          -|     6|    no    |
        +-----------------+-----+-----+----------+-----------+-----------+------+----------+



================================================================
== Utilization Estimates
================================================================
* Summary: 
+-----------------+---------+-------+--------+-------+
|       Name      | BRAM_18K| DSP48E|   FF   |  LUT  |
+-----------------+---------+-------+--------+-------+
|DSP              |        -|      -|       -|      -|
|Expression       |        -|      -|       0|    227|
|FIFO             |        -|      -|       -|      -|
|Instance         |        -|      2|     227|    219|
|Memory           |        -|      -|       -|      -|
|Multiplexer      |        -|      -|       -|    149|
|Register         |        -|      -|     106|      -|
+-----------------+---------+-------+--------+-------+
|Total            |        0|      2|     333|    595|
+-----------------+---------+-------+--------+-------+
|Available        |      270|    240|  126800|  63400|
+-----------------+---------+-------+--------+-------+
|Utilization (%)  |        0|   ~0  |   ~0   |   ~0  |
+-----------------+---------+-------+--------+-------+

+ Detail: 
    * Instance: 
    +-------------------------+----------------------+---------+-------+-----+-----+
    |         Instance        |        Module        | BRAM_18K| DSP48E|  FF | LUT |
    +-------------------------+----------------------+---------+-------+-----+-----+
    |lenetSynthMatlab_bkb_U5  |lenetSynthMatlab_bkb  |        0|      2|  227|  219|
    +-------------------------+----------------------+---------+-------+-----+-----+
    |Total                    |                      |        0|      2|  227|  219|
    +-------------------------+----------------------+---------+-------+-----+-----+

    * DSP48: 
    N/A

    * Memory: 
    N/A

    * FIFO: 
    N/A

    * Expression: 
    +---------------------+----------+-------+---+----+------------+------------+
    |    Variable Name    | Operation| DSP48E| FF| LUT| Bitwidth P0| Bitwidth P1|
    +---------------------+----------+-------+---+----+------------+------------+
    |b_k_13_fu_193_p2     |     +    |      0|  0|  12|           3|           1|
    |b_k_14_fu_267_p2     |     +    |      0|  0|  12|           3|           1|
    |c_k_2_fu_326_p2      |     +    |      0|  0|  12|           3|           1|
    |k_29_fu_147_p2       |     +    |      0|  0|  12|           3|           1|
    |k_30_fu_219_p2       |     +    |      0|  0|  12|           3|           1|
    |tmp1_fu_307_p2       |     +    |      0|  0|  16|           9|           9|
    |tmp2_fu_332_p2       |     +    |      0|  0|  15|           6|           5|
    |tmp_169_fu_199_p2    |     +    |      0|  0|  15|           7|           7|
    |tmp_172_fu_342_p2    |     +    |      0|  0|  16|           9|           9|
    |tmp_174_fu_352_p2    |     +    |      0|  0|  15|           7|           7|
    |tmp_171_fu_297_p2    |     -    |      0|  0|  15|           7|           7|
    |tmp_fu_177_p2        |     -    |      0|  0|  15|           7|           7|
    |tmp_s_fu_251_p2      |     -    |      0|  0|  15|           8|           8|
    |exitcond1_fu_261_p2  |   icmp   |      0|  0|   9|           3|           3|
    |exitcond2_fu_213_p2  |   icmp   |      0|  0|   9|           3|           4|
    |exitcond3_fu_187_p2  |   icmp   |      0|  0|   9|           3|           3|
    |exitcond4_fu_141_p2  |   icmp   |      0|  0|   9|           3|           3|
    |exitcond_fu_320_p2   |   icmp   |      0|  0|   9|           3|           3|
    +---------------------+----------+-------+---+----+------------+------------+
    |Total                |          |      0|  0| 227|          90|          80|
    +---------------------+----------+-------+---+----+------------+------------+

    * Multiplexer: 
    +---------------+----+-----------+-----+-----------+
    |      Name     | LUT| Input Size| Bits| Total Bits|
    +---------------+----+-----------+-----+-----------+
    |ap_NS_fsm      |  53|         12|    1|         12|
    |b_k_1_reg_112  |   9|          2|    3|          6|
    |b_k_reg_90     |   9|          2|    3|          6|
    |c_k_reg_123    |   9|          2|    3|          6|
    |k_1_reg_101    |   9|          2|    3|          6|
    |k_reg_79       |   9|          2|    3|          6|
    |x_address0     |  15|          3|    8|         24|
    |y_address0     |  21|          4|    5|         20|
    |y_d0           |  15|          3|   32|         96|
    +---------------+----+-----------+-----+-----------+
    |Total          | 149|         32|   61|        182|
    +---------------+----+-----------+-----+-----------+

    * Register: 
    +------------------+----+----+-----+-----------+
    |       Name       | FF | LUT| Bits| Const Bits|
    +------------------+----+----+-----+-----------+
    |ap_CS_fsm         |  11|   0|   11|          0|
    |b_k_13_reg_382    |   3|   0|    3|          0|
    |b_k_14_reg_413    |   3|   0|    3|          0|
    |b_k_1_reg_112     |   3|   0|    3|          0|
    |b_k_reg_90        |   3|   0|    3|          0|
    |c_k_2_reg_431     |   3|   0|    3|          0|
    |c_k_reg_123       |   3|   0|    3|          0|
    |k_1_reg_101       |   3|   0|    3|          0|
    |k_29_reg_369      |   3|   0|    3|          0|
    |k_30_reg_400      |   3|   0|    3|          0|
    |k_reg_79          |   3|   0|    3|          0|
    |tmp1_reg_423      |   8|   0|    9|          1|
    |tmp_170_reg_387   |  32|   0|   64|         32|
    |tmp_171_reg_418   |   6|   0|    7|          1|
    |tmp_cast_reg_405  |   8|   0|    9|          1|
    |tmp_reg_374       |   6|   0|    7|          1|
    |y_addr_5_reg_441  |   5|   0|    5|          0|
    +------------------+----+----+-----+-----------+
    |Total             | 106|   0|  142|         36|
    +------------------+----+----+-----+-----------+



================================================================
== Interface
================================================================
* Summary: 
+------------+-----+-----+------------+--------------+--------------+
|  RTL Ports | Dir | Bits|  Protocol  | Source Object|    C Type    |
+------------+-----+-----+------------+--------------+--------------+
|ap_clk      |  in |    1| ap_ctrl_hs |     c_sum    | return value |
|ap_rst      |  in |    1| ap_ctrl_hs |     c_sum    | return value |
|ap_start    |  in |    1| ap_ctrl_hs |     c_sum    | return value |
|ap_done     | out |    1| ap_ctrl_hs |     c_sum    | return value |
|ap_idle     | out |    1| ap_ctrl_hs |     c_sum    | return value |
|ap_ready    | out |    1| ap_ctrl_hs |     c_sum    | return value |
|x_address0  | out |    8|  ap_memory |       x      |     array    |
|x_ce0       | out |    1|  ap_memory |       x      |     array    |
|x_q0        |  in |   32|  ap_memory |       x      |     array    |
|y_address0  | out |    5|  ap_memory |       y      |     array    |
|y_ce0       | out |    1|  ap_memory |       y      |     array    |
|y_we0       | out |    1|  ap_memory |       y      |     array    |
|y_d0        | out |   32|  ap_memory |       y      |     array    |
|y_q0        |  in |   32|  ap_memory |       y      |     array    |
+------------+-----+-----+------------+--------------+--------------+

