

================================================================
== Vivado HLS Report for 'lenetSynthMatlab'
================================================================
* Date:           Sat Dec  8 21:20:58 2018

* Version:        2018.2 (Build 2258646 on Thu Jun 14 20:25:20 MDT 2018)
* Project:        hlsProject
* Solution:       solution1
* Product family: artix7
* Target device:  xc7a100tcsg324-1


================================================================
== Performance Estimates
================================================================
+ Timing (ns): 
    * Summary: 
    +--------+-------+----------+------------+
    |  Clock | Target| Estimated| Uncertainty|
    +--------+-------+----------+------------+
    |ap_clk  |  10.00|     9.261|        1.25|
    +--------+-------+----------+------------+

+ Latency (clock cycles): 
    * Summary: 
    +---------+---------+---------+---------+---------+
    |      Latency      |      Interval     | Pipeline|
    |   min   |   max   |   min   |   max   |   Type  |
    +---------+---------+---------+---------+---------+
    |  6978124|  6978124|  6978124|  6978124|   none  |
    +---------+---------+---------+---------+---------+

    + Detail: 
        * Instance: 
        +-------------------+-------+------+------+------+------+---------+
        |                   |       |   Latency   |   Interval  | Pipeline|
        |      Instance     | Module|  min |  max |  min |  max |   Type  |
        +-------------------+-------+------+------+------+------+---------+
        |grp_c_sum_fu_1189  |c_sum  |  1080|  1080|  1080|  1080|   none  |
        |grp_f_sum_fu_1195  |f_sum  |  3100|  3100|  3100|  3100|   none  |
        |grp_d_sum_fu_1201  |d_sum  |   214|   214|   214|   214|   none  |
        |grp_g_sum_fu_1207  |g_sum  |   554|   554|   554|   554|   none  |
        |grp_sum_fu_1213    |sum    |   180|   180|   180|   180|   none  |
        +-------------------+-------+------+------+------+------+---------+

        * Loop: 
        +-----------------------------+---------+---------+----------+-----------+-----------+------+----------+
        |                             |      Latency      | Iteration|  Initiation Interval  | Trip |          |
        |          Loop Name          |   min   |   max   |  Latency |  achieved |   target  | Count| Pipelined|
        +-----------------------------+---------+---------+----------+-----------+-----------+------+----------+
        |- Loop 1                     |  1783164|  1783164|    297194|          -|          -|     6|    no    |
        | + Loop 1.1                  |   297192|   297192|     10614|          -|          -|    28|    no    |
        |  ++ Loop 1.1.1              |    10612|    10612|       379|          -|          -|    28|    no    |
        |   +++ Loop 1.1.1.1          |      160|      160|        32|          -|          -|     5|    no    |
        |    ++++ Loop 1.1.1.1.1      |       30|       30|         6|          -|          -|     5|    no    |
        |   +++ Loop 1.1.1.2          |       28|       28|         7|          -|          -|     4|    no    |
        |- Loop 2                     |    20440|    20440|       730|          -|          -|    28|    no    |
        | + Loop 2.1                  |      728|      728|        26|          -|          -|    28|    no    |
        |  ++ Loop 2.1.1              |       24|       24|         4|          -|          -|     6|    no    |
        |- memset_pool1ActivationMap  |     1175|     1175|         1|          -|          -|  1176|    no    |
        |- Loop 4                     |    20592|    20592|      3432|          -|          -|     6|    no    |
        | + Loop 4.1                  |     3430|     3430|       245|          -|          -|    14|    no    |
        |  ++ Loop 4.1.1              |      238|      238|        17|          -|          -|    14|    no    |
        |   +++ Loop 4.1.1.1          |       12|       12|         6|          -|          -|     2|    no    |
        |- Loop 5                     |  4163552|  4163552|    260222|          -|          -|    16|    no    |
        | + Loop 5.1                  |   260220|   260220|     26022|          -|          -|    10|    no    |
        |  ++ Loop 5.1.1              |    26020|    26020|      2602|          -|          -|    10|    no    |
        |   +++ Loop 5.1.1.1          |     1260|     1260|       252|          -|          -|     5|    no    |
        |    ++++ Loop 5.1.1.1.1      |      250|      250|        50|          -|          -|     5|    no    |
        |     +++++ Loop 5.1.1.1.1.1  |       48|       48|         8|          -|          -|     6|    no    |
        |   +++ Loop 5.1.1.2          |       35|       35|         7|          -|          -|     5|    no    |
        |- Loop 6                     |     6620|     6620|       662|          -|          -|    10|    no    |
        | + Loop 6.1                  |      660|      660|        66|          -|          -|    10|    no    |
        |  ++ Loop 6.1.1              |       64|       64|         4|          -|          -|    16|    no    |
        |- memset_pool2ActivationMap  |      399|      399|         1|          -|          -|   400|    no    |
        |- Loop 8                     |     6992|     6992|       437|          -|          -|    16|    no    |
        | + Loop 8.1                  |      435|      435|        87|          -|          -|     5|    no    |
        |  ++ Loop 8.1.1              |       80|       80|        16|          -|          -|     5|    no    |
        |   +++ Loop 8.1.1.1          |       12|       12|         6|          -|          -|     2|    no    |
        |- Loop 9                     |   843840|   843840|      7032|          -|          -|   120|    no    |
        | + Loop 9.1                  |     3260|     3260|       652|          -|          -|     5|    no    |
        |  ++ Loop 9.1.1              |      650|      650|       130|          -|          -|     5|    no    |
        |   +++ Loop 9.1.1.1          |      128|      128|         8|          -|          -|    16|    no    |
        | + Loop 9.2                  |      105|      105|         7|          -|          -|    15|    no    |
        |- Loop 10                    |      480|      480|         4|          -|          -|   120|    no    |
        |- Loop 11                    |   121548|   121548|      1447|          -|          -|    84|    no    |
        | + Loop 11.1                 |     1440|     1440|        12|          -|          -|   120|    no    |
        |- Loop 12                    |     9310|     9310|       931|          -|          -|    10|    no    |
        | + Loop 12.1                 |      924|      924|        11|          -|          -|    84|    no    |
        +-----------------------------+---------+---------+----------+-----------+-----------+------+----------+



================================================================
== Utilization Estimates
================================================================
* Summary: 
+-----------------+---------+-------+--------+-------+
|       Name      | BRAM_18K| DSP48E|   FF   |  LUT  |
+-----------------+---------+-------+--------+-------+
|DSP              |        -|      -|       -|      -|
|Expression       |        -|      3|       0|   4661|
|FIFO             |        -|      -|       -|      -|
|Instance         |        -|     18|    3053|   3920|
|Memory           |       98|      -|     320|     42|
|Multiplexer      |        -|      -|       -|   1932|
|Register         |        -|      -|    3032|      -|
+-----------------+---------+-------+--------+-------+
|Total            |       98|     21|    6405|  10555|
+-----------------+---------+-------+--------+-------+
|Available        |      270|    240|  126800|  63400|
+-----------------+---------+-------+--------+-------+
|Utilization (%)  |       36|      8|       5|     16|
+-----------------+---------+-------+--------+-------+

+ Detail: 
    * Instance: 
    +--------------------------+----------------------+---------+-------+-----+-----+
    |         Instance         |        Module        | BRAM_18K| DSP48E|  FF | LUT |
    +--------------------------+----------------------+---------+-------+-----+-----+
    |grp_c_sum_fu_1189         |c_sum                 |        0|      2|  410|  590|
    |grp_d_sum_fu_1201         |d_sum                 |        0|      2|  342|  445|
    |grp_f_sum_fu_1195         |f_sum                 |        0|      2|  395|  557|
    |grp_g_sum_fu_1207         |g_sum                 |        0|      2|  350|  433|
    |lenetSynthMatlab_bkb_U17  |lenetSynthMatlab_bkb  |        0|      2|  205|  205|
    |lenetSynthMatlab_tde_U18  |lenetSynthMatlab_tde  |        0|      3|  143|  140|
    |lenetSynthMatlab_udo_U19  |lenetSynthMatlab_udo  |        0|      0|  128|  103|
    |lenetSynthMatlab_vdy_U20  |lenetSynthMatlab_vdy  |        0|      0|  100|   54|
    |lenetSynthMatlab_wdI_U21  |lenetSynthMatlab_wdI  |        0|      3|  509|  817|
    |lenetSynthMatlab_xdS_U22  |lenetSynthMatlab_xdS  |        0|      0|  130|  133|
    |grp_sum_fu_1213           |sum                   |        0|      2|  341|  443|
    +--------------------------+----------------------+---------+-------+-----+-----+
    |Total                     |                      |        0|     18| 3053| 3920|
    +--------------------------+----------------------+---------+-------+-----+-----+

    * DSP48: 
    N/A

    * Memory: 
    +------------------------+----------------------+---------+----+----+------+-----+------+-------------+
    |         Memory         |        Module        | BRAM_18K| FF | LUT| Words| Bits| Banks| W*Bits*Banks|
    +------------------------+----------------------+---------+----+----+------+-----+------+-------------+
    |pool1ActivationMap_U    |lenetSynthMatlab_cud  |        8|   0|   0|  1176|   64|     1|        75264|
    |conv1ActivationMap_U    |lenetSynthMatlab_dEe  |       32|   0|   0|  4704|   64|     1|       301056|
    |relu1ActivationMap_U    |lenetSynthMatlab_eOg  |       32|   0|   0|  4704|   64|     1|       301056|
    |fv10_U                  |lenetSynthMatlab_fYi  |        0|  64|  13|    25|   32|     1|          800|
    |fv11_U                  |lenetSynthMatlab_g8j  |        0|  64|   3|     5|   32|     1|          160|
    |pool2ActivationMap_U    |lenetSynthMatlab_hbi  |        2|   0|   0|   400|   64|     1|        25600|
    |conv2ActivationMap_U    |lenetSynthMatlab_ibs  |        8|   0|   0|  1600|   64|     1|       102400|
    |relu2ActivationMap_U    |lenetSynthMatlab_jbC  |        8|   0|   0|  1600|   64|     1|       102400|
    |fv12_U                  |lenetSynthMatlab_kbM  |        1|   0|   0|   150|   32|     1|         4800|
    |fv13_U                  |lenetSynthMatlab_lbW  |        0|  64|  15|    30|   32|     1|          960|
    |fv14_U                  |lenetSynthMatlab_mb6  |        0|  64|   3|     6|   32|     1|          192|
    |b_pool2ActivationMap_U  |lenetSynthMatlab_ncg  |        1|   0|   0|   400|   32|     1|        12800|
    |fv15_U                  |lenetSynthMatlab_ocq  |        1|   0|   0|    80|   32|     1|         2560|
    |fc1ActivationMap_U      |lenetSynthMatlab_pcA  |        2|   0|   0|   120|   64|     1|         7680|
    |relu3ActivationMap_U    |lenetSynthMatlab_pcA  |        2|   0|   0|   120|   64|     1|         7680|
    |fv16_U                  |lenetSynthMatlab_qcK  |        0|  64|   8|    16|   32|     1|          512|
    |d_relu3ActivationMap_U  |lenetSynthMatlab_sc4  |        1|   0|   0|    84|   32|     1|         2688|
    +------------------------+----------------------+---------+----+----+------+-----+------+-------------+
    |Total                   |                      |       98| 320|  42| 15220|  800|    17|       948608|
    +------------------------+----------------------+---------+----+----+------+-----+------+-------------+

    * FIFO: 
    N/A

    * Expression: 
    +----------------------------------+----------+-------+---+-----+------------+------------+
    |           Variable Name          | Operation| DSP48E| FF| LUT | Bitwidth P0| Bitwidth P1|
    +----------------------------------+----------+-------+---+-----+------------+------------+
    |tmp_20_fu_1759_p2                 |     *    |      0|  0|   42|           5|           8|
    |tmp_59_fu_2149_p2                 |     *    |      3|  0|   21|           7|          32|
    |tmp_69_fu_2356_p2                 |     *    |      0|  0|   33|           4|           7|
    |b_k_4_fu_1595_p2                  |     +    |      0|  0|   12|           3|           1|
    |b_k_6_fu_2650_p2                  |     +    |      0|  0|   15|           5|           1|
    |b_k_7_fu_3386_p2                  |     +    |      0|  0|   15|           5|           1|
    |b_k_8_fu_2488_p2                  |     +    |      0|  0|   12|           3|           1|
    |c_4_fu_1367_p2                    |     +    |      0|  0|   15|           5|           1|
    |c_5_fu_2324_p2                    |     +    |      0|  0|   13|           4|           1|
    |colOutIdx_10_fu_2402_p2           |     +    |      0|  0|   12|           3|           1|
    |colOutIdx_13_fu_3520_p2           |     +    |      0|  0|   15|           7|           1|
    |colOutIdx_14_fu_3553_p2           |     +    |      0|  0|   15|           7|           1|
    |colOutIdx_15_fu_1775_p2           |     +    |      0|  0|   13|           4|           1|
    |colOutIdx_16_fu_2844_p2           |     +    |      0|  0|   12|           3|           1|
    |colOutIdx_2_fu_1413_p2            |     +    |      0|  0|   12|           3|           1|
    |colOutIdx_5_fu_2626_p2            |     +    |      0|  0|   13|           4|           1|
    |colOutIdx_9_fu_3362_p2            |     +    |      0|  0|   12|           3|           1|
    |colOutIdx_fu_1549_p2              |     +    |      0|  0|   15|           5|           1|
    |f_5_fu_1329_p2                    |     +    |      0|  0|   12|           3|           1|
    |f_6_fu_1703_p2                    |     +    |      0|  0|   12|           3|           1|
    |f_7_fu_2274_p2                    |     +    |      0|  0|   15|           5|           1|
    |f_8_fu_2760_p2                    |     +    |      0|  0|   15|           5|           1|
    |f_9_fu_3312_p2                    |     +    |      0|  0|   15|           7|           1|
    |indvarinc1_fu_2723_p2             |     +    |      0|  0|   16|           9|           1|
    |indvarinc_fu_1672_p2              |     +    |      0|  0|   18|          11|           1|
    |j_2_fu_1803_p2                    |     +    |      0|  0|   10|           1|           2|
    |j_3_fu_2856_p2                    |     +    |      0|  0|   10|           2|           1|
    |k_10_fu_1458_p2                   |     +    |      0|  0|   12|           3|           1|
    |k_11_fu_2588_p2                   |     +    |      0|  0|   13|           4|           1|
    |k_13_fu_3324_p2                   |     +    |      0|  0|   12|           3|           1|
    |k_14_fu_2340_p2                   |     +    |      0|  0|   12|           3|           1|
    |k_15_fu_3417_p2                   |     +    |      0|  0|   13|           4|           1|
    |k_16_fu_3537_p2                   |     +    |      0|  0|   13|           4|           1|
    |k_20_fu_2545_p2                   |     +    |      0|  0|   12|           3|           1|
    |k_21_fu_3439_p2                   |     +    |      0|  0|   15|           7|           1|
    |k_22_fu_3504_p2                   |     +    |      0|  0|   15|           7|           1|
    |k_9_fu_1383_p2                    |     +    |      0|  0|   12|           3|           1|
    |k_fu_1537_p2                      |     +    |      0|  0|   15|           5|           1|
    |next_mul3_fu_1525_p2              |     +    |      0|  0|   20|          13|           8|
    |next_mul5_fu_1723_p2              |     +    |      0|  0|   20|          13|           9|
    |next_mul_fu_1339_p2               |     +    |      0|  0|   20|          13|           8|
    |r_4_fu_1351_p2                    |     +    |      0|  0|   15|           5|           1|
    |r_5_fu_1735_p2                    |     +    |      0|  0|   13|           4|           1|
    |r_6_fu_2286_p2                    |     +    |      0|  0|   13|           4|           1|
    |r_7_fu_2778_p2                    |     +    |      0|  0|   12|           3|           1|
    |sh_assign_4_fu_2957_p2            |     +    |      0|  0|   19|          11|          12|
    |sh_assign_fu_1916_p2              |     +    |      0|  0|   19|          11|          12|
    |tmp10_fu_2564_p2                  |     +    |      0|  0|   15|           8|           8|
    |tmp12_fu_2656_p2                  |     +    |      0|  0|   15|           8|           8|
    |tmp14_fu_2898_p2                  |     +    |      0|  0|   32|          12|          12|
    |tmp15_fu_3199_p2                  |     +    |      0|  0|   32|          32|          32|
    |tmp16_fu_3043_p2                  |     +    |      0|  0|   15|           8|           8|
    |tmp19_fu_3350_p2                  |     +    |      0|  0|   16|           9|           9|
    |tmp20_fu_3392_p2                  |     +    |      0|  0|   15|           7|           7|
    |tmp2_fu_1438_p2                   |     +    |      0|  0|   32|           5|           5|
    |tmp3_fu_1503_p2                   |     +    |      0|  0|   32|          14|          14|
    |tmp4_fu_1601_p2                   |     +    |      0|  0|   16|           9|           9|
    |tmp5_fu_2240_p2                   |     +    |      0|  0|   32|          32|          32|
    |tmp6_fu_2614_p2                   |     +    |      0|  0|   18|          11|          11|
    |tmp7_fu_2494_p2                   |     +    |      0|  0|   15|           8|           8|
    |tmp8_fu_2517_p2                   |     +    |      0|  0|   15|           7|           7|
    |tmp9_fu_2312_p2                   |     +    |      0|  0|   18|          11|          11|
    |tmp_100_fu_2503_p2                |     +    |      0|  0|   19|          12|          12|
    |tmp_103_fu_2526_p2                |     +    |      0|  0|   16|           9|           9|
    |tmp_105_fu_3401_p2                |     +    |      0|  0|   16|           9|           9|
    |tmp_117_fu_2876_p2                |     +    |      0|  0|   15|           8|           8|
    |tmp_118_fu_2893_p2                |     +    |      0|  0|   18|          11|          11|
    |tmp_120_fu_2903_p2                |     +    |      0|  0|   32|          12|          12|
    |tmp_126_fu_3208_p2                |     +    |      0|  0|   32|          32|          32|
    |tmp_15_fu_1508_p2                 |     +    |      0|  0|   32|          14|          14|
    |tmp_18_fu_1389_p2                 |     +    |      0|  0|   15|           5|           5|
    |tmp_21_fu_1428_p2                 |     +    |      0|  0|   17|          10|          10|
    |tmp_23_fu_1443_p2                 |     +    |      0|  0|   32|           5|           5|
    |tmp_32_fu_2766_p2                 |     +    |      0|  0|   15|           8|           8|
    |tmp_44_fu_1843_p2                 |     +    |      0|  0|   32|           9|           9|
    |tmp_45_fu_1852_p2                 |     +    |      0|  0|   21|          14|          14|
    |tmp_49_fu_1857_p2                 |     +    |      0|  0|   21|          14|          14|
    |tmp_50_fu_2665_p2                 |     +    |      0|  0|   18|          11|          11|
    |tmp_5_fu_1709_p2                  |     +    |      0|  0|   15|           8|           8|
    |tmp_61_fu_2245_p2                 |     +    |      0|  0|   32|          32|          32|
    |tmp_68_fu_2346_p2                 |     +    |      0|  0|   13|           4|           4|
    |tmp_74_fu_2573_p2                 |     +    |      0|  0|   18|          11|          11|
    |tmp_79_fu_2408_p2                 |     +    |      0|  0|   13|           4|           4|
    |tmp_7_fu_1610_p2                  |     +    |      0|  0|   21|          14|          14|
    |p_Val2_6_i_i_i2_fu_3176_p2        |     -    |      0|  0|   39|           1|          32|
    |p_Val2_6_i_i_i_fu_2138_p2         |     -    |      0|  0|   39|           1|          32|
    |tmp_139_i_i_i2_fu_2971_p2         |     -    |      0|  0|   18|          10|          11|
    |tmp_139_i_i_i_fu_1930_p2          |     -    |      0|  0|   18|          10|          11|
    |tmp_13_fu_1493_p2                 |     -    |      0|  0|   16|           9|           9|
    |tmp_39_fu_1874_p2                 |     -    |      0|  0|   15|           8|           8|
    |tmp_40_fu_1837_p2                 |     -    |      0|  0|   32|           9|           9|
    |tmp_4_fu_1579_p2                  |     -    |      0|  0|   16|           9|           9|
    |tmp_73_fu_2386_p2                 |     -    |      0|  0|   16|           9|           9|
    |tmp_85_fu_2438_p2                 |     -    |      0|  0|   15|           8|           8|
    |tmp_86_fu_2468_p2                 |     -    |      0|  0|   15|           7|           7|
    |tmp_114_fu_3485_p2                |    and   |      0|  0|    2|           1|           1|
    |tmp_130_fu_3284_p2                |    and   |      0|  0|    2|           1|           1|
    |tmp_132_fu_3290_p2                |    and   |      0|  0|    2|           1|           1|
    |tmp_144_fu_3129_p2                |    and   |      0|  0|    2|           1|           1|
    |tmp_146_fu_3135_p2                |    and   |      0|  0|    2|           1|           1|
    |tmp_14_fu_1659_p2                 |    and   |      0|  0|    2|           1|           1|
    |tmp_36_fu_2226_p2                 |    and   |      0|  0|    2|           1|           1|
    |tmp_38_fu_2232_p2                 |    and   |      0|  0|    2|           1|           1|
    |tmp_65_fu_2088_p2                 |    and   |      0|  0|    2|           1|           1|
    |tmp_76_fu_2094_p2                 |    and   |      0|  0|    2|           1|           1|
    |tmp_99_fu_2710_p2                 |    and   |      0|  0|    2|           1|           1|
    |exitcond10_fu_2838_p2             |   icmp   |      0|  0|    9|           3|           3|
    |exitcond11_fu_2772_p2             |   icmp   |      0|  0|    9|           3|           3|
    |exitcond12_fu_2754_p2             |   icmp   |      0|  0|   11|           5|           6|
    |exitcond13_fu_2644_p2             |   icmp   |      0|  0|   11|           5|           6|
    |exitcond14_fu_2620_p2             |   icmp   |      0|  0|    9|           4|           4|
    |exitcond15_fu_2582_p2             |   icmp   |      0|  0|    9|           4|           4|
    |exitcond16_fu_2482_p2             |   icmp   |      0|  0|    9|           3|           3|
    |exitcond17_fu_2396_p2             |   icmp   |      0|  0|    9|           3|           3|
    |exitcond18_fu_2334_p2             |   icmp   |      0|  0|    9|           3|           3|
    |exitcond19_fu_2318_p2             |   icmp   |      0|  0|    9|           4|           4|
    |exitcond1_fu_3531_p2              |   icmp   |      0|  0|    9|           4|           4|
    |exitcond20_fu_2280_p2             |   icmp   |      0|  0|    9|           4|           4|
    |exitcond21_fu_2268_p2             |   icmp   |      0|  0|   11|           5|           6|
    |exitcond22_fu_1797_p2             |   icmp   |      0|  0|    9|           2|           3|
    |exitcond23_fu_1769_p2             |   icmp   |      0|  0|    9|           4|           3|
    |exitcond24_fu_1729_p2             |   icmp   |      0|  0|    9|           4|           3|
    |exitcond25_fu_1697_p2             |   icmp   |      0|  0|    9|           3|           3|
    |exitcond26_fu_1589_p2             |   icmp   |      0|  0|    9|           3|           3|
    |exitcond27_fu_1543_p2             |   icmp   |      0|  0|   11|           5|           4|
    |exitcond28_fu_1531_p2             |   icmp   |      0|  0|   11|           5|           4|
    |exitcond29_fu_1407_p2             |   icmp   |      0|  0|    9|           3|           3|
    |exitcond2_fu_3514_p2              |   icmp   |      0|  0|   11|           7|           5|
    |exitcond30_fu_1377_p2             |   icmp   |      0|  0|    9|           3|           3|
    |exitcond31_fu_1361_p2             |   icmp   |      0|  0|   11|           5|           4|
    |exitcond32_fu_1345_p2             |   icmp   |      0|  0|   11|           5|           4|
    |exitcond33_fu_1323_p2             |   icmp   |      0|  0|    9|           3|           3|
    |exitcond3_fu_3498_p2              |   icmp   |      0|  0|   11|           7|           7|
    |exitcond4_fu_3433_p2              |   icmp   |      0|  0|   11|           7|           5|
    |exitcond5_fu_3380_p2              |   icmp   |      0|  0|   11|           5|           6|
    |exitcond6_fu_3356_p2              |   icmp   |      0|  0|    9|           3|           3|
    |exitcond7_fu_3318_p2              |   icmp   |      0|  0|    9|           3|           3|
    |exitcond8_fu_3306_p2              |   icmp   |      0|  0|   11|           7|           5|
    |exitcond9_fu_2850_p2              |   icmp   |      0|  0|    9|           2|           3|
    |exitcond_fu_3547_p2               |   icmp   |      0|  0|   11|           7|           7|
    |exitcond_i1_fu_2539_p2            |   icmp   |      0|  0|    9|           3|           3|
    |exitcond_i2_fu_3411_p2            |   icmp   |      0|  0|    9|           4|           2|
    |exitcond_i_fu_1452_p2             |   icmp   |      0|  0|    9|           3|           4|
    |notlhs10_fu_3111_p2               |   icmp   |      0|  0|   13|          11|           2|
    |notlhs1_fu_2190_p2                |   icmp   |      0|  0|   13|          11|           2|
    |notlhs2_fu_2208_p2                |   icmp   |      0|  0|   13|          11|           2|
    |notlhs3_fu_2052_p2                |   icmp   |      0|  0|   13|          11|           2|
    |notlhs4_fu_2070_p2                |   icmp   |      0|  0|   13|          11|           2|
    |notlhs5_fu_2692_p2                |   icmp   |      0|  0|   13|          11|           2|
    |notlhs6_fu_3467_p2                |   icmp   |      0|  0|   13|          11|           2|
    |notlhs7_fu_3248_p2                |   icmp   |      0|  0|   13|          11|           2|
    |notlhs8_fu_3266_p2                |   icmp   |      0|  0|   13|          11|           2|
    |notlhs9_fu_3093_p2                |   icmp   |      0|  0|   13|          11|           2|
    |notlhs_fu_1641_p2                 |   icmp   |      0|  0|   13|          11|           2|
    |notrhs10_fu_3117_p2               |   icmp   |      0|  0|   29|          52|           1|
    |notrhs1_fu_2196_p2                |   icmp   |      0|  0|   29|          52|           1|
    |notrhs2_fu_2214_p2                |   icmp   |      0|  0|   29|          52|           1|
    |notrhs3_fu_2058_p2                |   icmp   |      0|  0|   29|          52|           1|
    |notrhs4_fu_2076_p2                |   icmp   |      0|  0|   29|          52|           1|
    |notrhs5_fu_2698_p2                |   icmp   |      0|  0|   29|          52|           1|
    |notrhs6_fu_3473_p2                |   icmp   |      0|  0|   29|          52|           1|
    |notrhs7_fu_3254_p2                |   icmp   |      0|  0|   29|          52|           1|
    |notrhs8_fu_3272_p2                |   icmp   |      0|  0|   29|          52|           1|
    |notrhs9_fu_3099_p2                |   icmp   |      0|  0|   29|          52|           1|
    |notrhs_fu_1647_p2                 |   icmp   |      0|  0|   29|          52|           1|
    |tmp_17_fu_2734_p2                 |   icmp   |      0|  0|   13|           9|           8|
    |tmp_3_fu_1683_p2                  |   icmp   |      0|  0|   13|          11|          11|
    |tmp_141_i_i_i2_fu_3001_p2         |   lshr   |      0|  0|  162|          54|          54|
    |tmp_141_i_i_i_fu_1960_p2          |   lshr   |      0|  0|  162|          54|          54|
    |tmp_112_fu_3479_p2                |    or    |      0|  0|    2|           1|           1|
    |tmp_128_fu_3260_p2                |    or    |      0|  0|    2|           1|           1|
    |tmp_129_fu_3278_p2                |    or    |      0|  0|    2|           1|           1|
    |tmp_142_fu_3105_p2                |    or    |      0|  0|    2|           1|           1|
    |tmp_143_fu_3123_p2                |    or    |      0|  0|    2|           1|           1|
    |tmp_19_fu_1749_p2                 |    or    |      0|  0|    5|           5|           1|
    |tmp_33_fu_2202_p2                 |    or    |      0|  0|    2|           1|           1|
    |tmp_35_fu_2220_p2                 |    or    |      0|  0|    2|           1|           1|
    |tmp_57_fu_2064_p2                 |    or    |      0|  0|    2|           1|           1|
    |tmp_60_fu_2082_p2                 |    or    |      0|  0|    2|           1|           1|
    |tmp_77_fu_2804_p2                 |    or    |      0|  0|    4|           4|           1|
    |tmp_87_fu_2704_p2                 |    or    |      0|  0|    2|           1|           1|
    |tmp_s_fu_1653_p2                  |    or    |      0|  0|    2|           1|           1|
    |b_maxval_6_fu_2100_p3             |  select  |      0|  0|   14|           1|          14|
    |b_maxval_7_fu_3141_p3             |  select  |      0|  0|   12|           1|          12|
    |maxval_1_1_fu_2114_p3             |  select  |      0|  0|   64|           1|          64|
    |maxval_1_2_fu_2121_p3             |  select  |      0|  0|   64|           1|          64|
    |maxval_1_3_maxval_0_3_fu_2255_p3  |  select  |      0|  0|   64|           1|          64|
    |maxval_1_4_fu_3152_p3             |  select  |      0|  0|   64|           1|          64|
    |maxval_1_5_fu_3159_p3             |  select  |      0|  0|   64|           1|          64|
    |maxval_1_8_maxval_0_8_fu_3299_p3  |  select  |      0|  0|   64|           1|          64|
    |p_Val2_1_fu_3181_p3               |  select  |      0|  0|   32|           1|          32|
    |p_Val2_2_fu_1994_p3               |  select  |      0|  0|   32|           1|          32|
    |p_Val2_6_fu_2143_p3               |  select  |      0|  0|   32|           1|          32|
    |p_Val2_9_fu_3035_p3               |  select  |      0|  0|   32|           1|          32|
    |rowOutIdx_1_fu_1665_p3            |  select  |      0|  0|   64|           1|           1|
    |rowOutIdx_2_fu_2716_p3            |  select  |      0|  0|   64|           1|           1|
    |rowOutIdx_4_fu_3491_p3            |  select  |      0|  0|   64|           1|           1|
    |sh_assign_1_fu_1940_p3            |  select  |      0|  0|   12|           1|          12|
    |sh_assign_5_fu_2981_p3            |  select  |      0|  0|   12|           1|          12|
    |tmp_142_i_i_i2_fu_3007_p2         |    shl   |      0|  0|  474|         137|         137|
    |tmp_142_i_i_i_fu_1966_p2          |    shl   |      0|  0|  474|         137|         137|
    +----------------------------------+----------+-------+---+-----+------------+------------+
    |Total                             |          |      3|  0| 4661|        2063|        1887|
    +----------------------------------+----------+-------+---+-----+------------+------------+

    * Multiplexer: 
    +-------------------------------+-----+-----------+-----+-----------+
    |              Name             | LUT | Input Size| Bits| Total Bits|
    +-------------------------------+-----+-----------+-----+-----------+
    |ap_NS_fsm                      |  749|        171|    1|        171|
    |b_k_1_reg_910                  |    9|          2|    3|          6|
    |b_k_2_reg_964                  |    9|          2|    5|         10|
    |b_k_3_reg_1078                 |    9|          2|    5|         10|
    |b_k_reg_763                    |    9|          2|    3|          6|
    |b_pool2ActivationMap_address0  |   15|          3|    9|         27|
    |b_pool2ActivationMap_ce0       |   15|          3|    1|          3|
    |c_1_reg_830                    |    9|          2|    4|          8|
    |c_2_reg_876                    |    9|          2|    4|          8|
    |c_3_reg_1021                   |    9|          2|    3|          6|
    |c_reg_675                      |    9|          2|    5|         10|
    |colOutIdx1_reg_698             |    9|          2|    3|          6|
    |colOutIdx_1_reg_752            |    9|          2|    5|         10|
    |colOutIdx_3_reg_899            |    9|          2|    3|          6|
    |colOutIdx_4_reg_953            |    9|          2|    4|          8|
    |colOutIdx_6_reg_1067           |    9|          2|    3|          6|
    |colOutIdx_7_reg_1144           |    9|          2|    7|         14|
    |colOutIdx_8_reg_1178           |    9|          2|    7|         14|
    |conv1ActivationMap_address0    |   15|          3|   13|         39|
    |conv2ActivationMap_address0    |   15|          3|   11|         33|
    |d_relu3ActivationMap_address0  |   15|          3|    7|         21|
    |f_1_reg_785                    |    9|          2|    3|          6|
    |f_2_reg_853                    |    9|          2|    5|         10|
    |f_3_reg_986                    |    9|          2|    5|         10|
    |f_4_reg_1044                   |    9|          2|    7|         14|
    |f_reg_641                      |    9|          2|    3|          6|
    |fc1ActivationMap_address0      |   15|          3|    7|         21|
    |fv10_address0                  |   15|          3|    5|         15|
    |fv10_ce0                       |   15|          3|    1|          3|
    |fv11_address0                  |   21|          4|    3|         12|
    |fv11_ce0                       |   15|          3|    1|          3|
    |fv11_we0                       |    9|          2|    1|          2|
    |fv12_address0                  |   15|          3|    8|         24|
    |fv12_ce0                       |   15|          3|    1|          3|
    |fv13_address0                  |   15|          3|    5|         15|
    |fv13_ce0                       |   15|          3|    1|          3|
    |fv13_we0                       |    9|          2|    1|          2|
    |fv14_address0                  |   21|          4|    3|         12|
    |fv14_ce0                       |   15|          3|    1|          3|
    |fv14_we0                       |    9|          2|    1|          2|
    |fv15_address0                  |   15|          3|    7|         21|
    |fv15_ce0                       |   15|          3|    1|          3|
    |fv15_we0                       |    9|          2|    1|          2|
    |fv16_address0                  |   21|          4|    4|         16|
    |fv16_ce0                       |   15|          3|    1|          3|
    |fv16_we0                       |    9|          2|    1|          2|
    |grp_fu_1219_p0                 |   50|         11|   32|        352|
    |grp_fu_1219_p1                 |   33|          6|   32|        192|
    |grp_fu_1234_p0                 |   21|          4|   32|        128|
    |grp_fu_1240_p0                 |   21|          4|   64|        256|
    |grp_fu_1249_p0                 |   15|          3|   64|        192|
    |grp_fu_1256_p0                 |   41|          8|   64|        512|
    |grp_fu_1256_p1                 |   33|          6|   64|        384|
    |invdar1_reg_975                |    9|          2|    9|         18|
    |invdar_reg_774                 |    9|          2|   11|         22|
    |j_1_reg_1033                   |    9|          2|    2|          4|
    |j_reg_842                      |    9|          2|    2|          4|
    |k4_reg_687                     |    9|          2|    3|          6|
    |k_1_reg_730                    |    9|          2|    5|         10|
    |k_2_reg_888                    |    9|          2|    3|          6|
    |k_3_reg_942                    |    9|          2|    4|          8|
    |k_4_reg_1056                   |    9|          2|    3|          6|
    |k_5_reg_1110                   |    9|          2|    7|         14|
    |k_6_reg_1121                   |    9|          2|    7|         14|
    |k_7_reg_1155                   |    9|          2|    4|          8|
    |k_i1_reg_931                   |    9|          2|    3|          6|
    |k_i2_reg_1099                  |    9|          2|    4|          8|
    |k_i_reg_719                    |    9|          2|    3|          6|
    |maxval_1_6_fu_290              |    9|          2|   64|        128|
    |maxval_1_7_fu_294              |    9|          2|   64|        128|
    |phi_mul2_reg_741               |    9|          2|   13|         26|
    |phi_mul4_reg_819               |    9|          2|   13|         26|
    |phi_mul_reg_664                |    9|          2|   13|         26|
    |pool1ActivationMap_address0    |   21|          4|   11|         44|
    |pool1ActivationMap_d0          |   15|          3|   64|        192|
    |pool2ActivationMap_address0    |   21|          4|    9|         36|
    |pool2ActivationMap_d0          |   15|          3|   64|        192|
    |r_1_reg_808                    |    9|          2|    4|          8|
    |r_2_reg_864                    |    9|          2|    4|          8|
    |r_3_reg_1009                   |    9|          2|    3|          6|
    |r_reg_652                      |    9|          2|    5|         10|
    |relu1ActivationMap_address0    |   15|          3|   13|         39|
    |relu1ActivationMap_address1    |   15|          3|   13|         39|
    |relu2ActivationMap_address0    |   15|          3|   11|         33|
    |relu2ActivationMap_address1    |   15|          3|   11|         33|
    |relu3ActivationMap_address0    |   15|          3|    7|         21|
    |tmp_82_reg_1132                |    9|          2|   32|         64|
    |tmp_88_reg_1166                |    9|          2|   32|         64|
    |x_assign_5_reg_997             |    9|          2|   64|        128|
    |x_assign_reg_796               |    9|          2|   64|        128|
    |y1_i_reg_1089                  |    9|          2|   32|         64|
    |y3_i_reg_921                   |    9|          2|   32|         64|
    |y5_i_reg_709                   |    9|          2|   32|         64|
    +-------------------------------+-----+-----------+-----+-----------+
    |Total                          | 1932|        417| 1279|       4362|
    +-------------------------------+-----+-----------+-----+-----------+

    * Register: 
    +---------------------------------+-----+----+-----+-----------+
    |               Name              |  FF | LUT| Bits| Const Bits|
    +---------------------------------+-----+----+-----+-----------+
    |ap_CS_fsm                        |  170|   0|  170|          0|
    |b_k_1_reg_910                    |    3|   0|    3|          0|
    |b_k_2_reg_964                    |    5|   0|    5|          0|
    |b_k_3_reg_1078                   |    5|   0|    5|          0|
    |b_k_4_reg_3721                   |    3|   0|    3|          0|
    |b_k_5_cast_reg_3829              |    4|   0|    8|          4|
    |b_k_6_reg_4073                   |    5|   0|    5|          0|
    |b_k_7_reg_4316                   |    5|   0|    5|          0|
    |b_k_8_reg_3996                   |    3|   0|    3|          0|
    |b_k_reg_763                      |    3|   0|    3|          0|
    |b_maxval_1_reg_3892              |   64|   0|   64|          0|
    |b_maxval_3_reg_4235              |   64|   0|   64|          0|
    |b_maxval_4_reg_4241              |   64|   0|   64|          0|
    |b_maxval_6_reg_3898              |   14|   0|   14|          0|
    |b_maxval_7_reg_4247              |   12|   0|   12|          0|
    |b_maxval_reg_3886                |   64|   0|   64|          0|
    |c_1_reg_830                      |    4|   0|    4|          0|
    |c_2_reg_876                      |    4|   0|    4|          0|
    |c_3_reg_1021                     |    3|   0|    3|          0|
    |c_4_reg_3608                     |    5|   0|    5|          0|
    |c_5_reg_3952                     |    4|   0|    4|          0|
    |c_cast1_reg_3600                 |    5|   0|   10|          5|
    |c_reg_675                        |    5|   0|    5|          0|
    |colOutIdx1_reg_698               |    3|   0|    3|          0|
    |colOutIdx_10_reg_3978            |    3|   0|    3|          0|
    |colOutIdx_13_reg_4405            |    7|   0|    7|          0|
    |colOutIdx_14_reg_4436            |    7|   0|    7|          0|
    |colOutIdx_15_reg_3824            |    4|   0|    4|          0|
    |colOutIdx_16_reg_4178            |    3|   0|    3|          0|
    |colOutIdx_1_reg_752              |    5|   0|    5|          0|
    |colOutIdx_2_reg_3639             |    3|   0|    3|          0|
    |colOutIdx_3_reg_899              |    3|   0|    3|          0|
    |colOutIdx_4_reg_953              |    4|   0|    4|          0|
    |colOutIdx_5_reg_4060             |    4|   0|    4|          0|
    |colOutIdx_6_reg_1067             |    3|   0|    3|          0|
    |colOutIdx_7_reg_1144             |    7|   0|    7|          0|
    |colOutIdx_8_reg_1178             |    7|   0|    7|          0|
    |colOutIdx_9_reg_4303             |    3|   0|    3|          0|
    |colOutIdx_reg_3708               |    5|   0|    5|          0|
    |d_relu3ActivationMap_3_reg_4446  |   32|   0|   32|          0|
    |f_1_cast_reg_3768                |    3|   0|    9|          6|
    |f_1_reg_785                      |    3|   0|    3|          0|
    |f_2_cast_reg_3923                |    5|   0|    8|          3|
    |f_2_reg_853                      |    5|   0|    5|          0|
    |f_3_cast_reg_4122                |    5|   0|    8|          3|
    |f_3_reg_986                      |    5|   0|    5|          0|
    |f_4_reg_1044                     |    7|   0|    7|          0|
    |f_5_reg_3577                     |    3|   0|    3|          0|
    |f_6_reg_3776                     |    3|   0|    3|          0|
    |f_7_reg_3931                     |    5|   0|    5|          0|
    |f_8_reg_4130                     |    5|   0|    5|          0|
    |f_9_reg_4282                     |    7|   0|    7|          0|
    |f_cast_reg_3569                  |    3|   0|   14|         11|
    |f_reg_641                        |    3|   0|    3|          0|
    |fv11_load_reg_3682               |   32|   0|   32|          0|
    |fv14_load_reg_4039               |   32|   0|   32|          0|
    |fv16_load_reg_4354               |   32|   0|   32|          0|
    |grp_c_sum_fu_1189_ap_start_reg   |    1|   0|    1|          0|
    |grp_d_sum_fu_1201_ap_start_reg   |    1|   0|    1|          0|
    |grp_f_sum_fu_1195_ap_start_reg   |    1|   0|    1|          0|
    |grp_g_sum_fu_1207_ap_start_reg   |    1|   0|    1|          0|
    |grp_sum_fu_1213_ap_start_reg     |    1|   0|    1|          0|
    |inputImg_load_reg_3654           |   32|   0|   32|          0|
    |invdar1_reg_975                  |    9|   0|    9|          0|
    |invdar_reg_774                   |   11|   0|   11|          0|
    |j_1_reg_1033                     |    2|   0|    2|          0|
    |j_2_reg_3843                     |    2|   0|    2|          0|
    |j_3_reg_4186                     |    2|   0|    2|          0|
    |j_reg_842                        |    2|   0|    2|          0|
    |k4_cast_reg_3613                 |    3|   0|    5|          2|
    |k4_reg_687                       |    3|   0|    3|          0|
    |k_10_reg_3667                    |    3|   0|    3|          0|
    |k_11_reg_4047                    |    4|   0|    4|          0|
    |k_13_reg_4290                    |    3|   0|    3|          0|
    |k_14_reg_3960                    |    3|   0|    3|          0|
    |k_15_reg_4344                    |    4|   0|    4|          0|
    |k_16_reg_4423                    |    4|   0|    4|          0|
    |k_1_reg_730                      |    5|   0|    5|          0|
    |k_20_reg_4024                    |    3|   0|    3|          0|
    |k_21_reg_4362                    |    7|   0|    7|          0|
    |k_22_reg_4392                    |    7|   0|    7|          0|
    |k_2_reg_888                      |    3|   0|    3|          0|
    |k_3_reg_942                      |    4|   0|    4|          0|
    |k_4_reg_1056                     |    3|   0|    3|          0|
    |k_5_reg_1110                     |    7|   0|    7|          0|
    |k_6_reg_1121                     |    7|   0|    7|          0|
    |k_7_reg_1155                     |    4|   0|    4|          0|
    |k_9_reg_3621                     |    3|   0|    3|          0|
    |k_i1_reg_931                     |    3|   0|    3|          0|
    |k_i2_reg_1099                    |    4|   0|    4|          0|
    |k_i_reg_719                      |    3|   0|    3|          0|
    |k_reg_3700                       |    5|   0|    5|          0|
    |maxval_1_3_fu_286                |   64|   0|   64|          0|
    |maxval_1_6_fu_290                |   64|   0|   64|          0|
    |maxval_1_7_fu_294                |   64|   0|   64|          0|
    |maxval_1_fu_282                  |   64|   0|   64|          0|
    |next_mul3_reg_3692               |   13|   0|   13|          0|
    |next_mul5_reg_3796               |   13|   0|   13|          0|
    |next_mul_reg_3587                |   13|   0|   13|          0|
    |p_Val2_2_reg_3870                |   32|   0|   32|          0|
    |p_Val2_6_reg_3908                |   32|   0|   32|          0|
    |p_Val2_9_reg_4214                |   32|   0|   32|          0|
    |p_Val2_s_37_reg_4168             |   64|   0|   64|          0|
    |p_Val2_s_reg_3814                |   64|   0|   64|          0|
    |p_shl22_cast_reg_4153            |    3|   0|   11|          8|
    |p_shl23_cast_reg_4158            |    3|   0|   12|          9|
    |p_shl24_cast_reg_4163            |    3|   0|   12|          9|
    |p_shl6_reg_3631                  |    3|   0|    5|          2|
    |phi_mul2_cast_reg_3687           |   13|   0|   14|          1|
    |phi_mul2_reg_741                 |   13|   0|   13|          0|
    |phi_mul4_cast_reg_3791           |   13|   0|   14|          1|
    |phi_mul4_reg_819                 |   13|   0|   13|          0|
    |phi_mul_cast_reg_3582            |   13|   0|   14|          1|
    |phi_mul_reg_664                  |   13|   0|   13|          0|
    |pool1ActivationMap_l_reg_4011    |   64|   0|   64|          0|
    |pool2ActivationMap_l_reg_4331    |   64|   0|   64|          0|
    |r_1_reg_808                      |    4|   0|    4|          0|
    |r_2_reg_864                      |    4|   0|    4|          0|
    |r_3_reg_1009                     |    3|   0|    3|          0|
    |r_4_reg_3595                     |    5|   0|    5|          0|
    |r_5_reg_3804                     |    4|   0|    4|          0|
    |r_6_reg_3939                     |    4|   0|    4|          0|
    |r_7_reg_4148                     |    3|   0|    3|          0|
    |r_reg_652                        |    5|   0|    5|          0|
    |reg_1286                         |   32|   0|   32|          0|
    |reg_1293                         |   64|   0|   64|          0|
    |reg_1297                         |   64|   0|   64|          0|
    |reg_1307                         |   32|   0|   32|          0|
    |reg_1312                         |   32|   0|   32|          0|
    |relu3ActivationMap_l_reg_4415    |   64|   0|   64|          0|
    |rowOutIdx_1_reg_3743             |   64|   0|   64|          0|
    |rowOutIdx_2_reg_4095             |   64|   0|   64|          0|
    |rowOutIdx_4_reg_4384             |   64|   0|   64|          0|
    |rowOutIdx_5_reg_4088             |   64|   0|   64|          0|
    |rowOutIdx_6_reg_4377             |   64|   0|   64|          0|
    |rowOutIdx_reg_3736               |   64|   0|   64|          0|
    |tmp16_reg_4220                   |    8|   0|    8|          0|
    |tmp19_reg_4295                   |    5|   0|    9|          4|
    |tmp6_reg_4052                    |    6|   0|   11|          5|
    |tmp9_reg_3944                    |    6|   0|   11|          5|
    |tmp_103_reg_4006                 |    9|   0|    9|          0|
    |tmp_106_reg_4321                 |    9|   0|   64|         55|
    |tmp_118_reg_4197                 |   11|   0|   11|          0|
    |tmp_120_reg_4203                 |   12|   0|   12|          0|
    |tmp_126_reg_4274                 |   32|   0|   32|          0|
    |tmp_131_reg_4269                 |    1|   0|    1|          0|
    |tmp_133_reg_4209                 |    1|   0|    1|          0|
    |tmp_148_reg_4191                 |    1|   0|    1|          0|
    |tmp_15_reg_3677                  |   14|   0|   14|          0|
    |tmp_18_reg_3626                  |    5|   0|    5|          0|
    |tmp_20_reg_3809                  |   11|   0|   14|          3|
    |tmp_23_reg_3649                  |    5|   0|    5|          0|
    |tmp_26_reg_3834                  |    1|   0|    1|          0|
    |tmp_27_reg_4065                  |    4|   0|    8|          4|
    |tmp_32_reg_4135                  |    8|   0|    8|          0|
    |tmp_34_reg_4367                  |    7|   0|   64|         57|
    |tmp_37_reg_3913                  |    1|   0|    1|          0|
    |tmp_39_reg_3860                  |    7|   0|    8|          1|
    |tmp_43_reg_3865                  |    1|   0|    1|          0|
    |tmp_45_reg_3848                  |   14|   0|   14|          0|
    |tmp_49_reg_3854                  |   14|   0|   14|          0|
    |tmp_4_reg_3713                   |    8|   0|    9|          1|
    |tmp_51_reg_4078                  |   11|   0|   64|         53|
    |tmp_59_reg_3918                  |   32|   0|   32|          0|
    |tmp_5_cast_reg_3781              |   32|   0|   32|          0|
    |tmp_69_reg_3965                  |   10|   0|   12|          2|
    |tmp_73_reg_3970                  |    8|   0|    9|          1|
    |tmp_74_reg_4034                  |   11|   0|   11|          0|
    |tmp_80_reg_4397                  |    7|   0|   64|         57|
    |tmp_81_reg_4428                  |    4|   0|   64|         60|
    |tmp_82_reg_1132                  |   32|   0|   32|          0|
    |tmp_83_reg_4308                  |    3|   0|    7|          4|
    |tmp_85_reg_3983                  |    7|   0|    8|          1|
    |tmp_86_reg_3988                  |    6|   0|    7|          1|
    |tmp_88_reg_1166                  |   32|   0|   32|          0|
    |tmp_8_reg_3726                   |   32|   0|   64|         32|
    |x_assign_5_reg_997               |   64|   0|   64|          0|
    |x_assign_reg_796                 |   64|   0|   64|          0|
    |y1_i_reg_1089                    |   32|   0|   32|          0|
    |y3_i_reg_921                     |   32|   0|   32|          0|
    |y5_i_reg_709                     |   32|   0|   32|          0|
    +---------------------------------+-----+----+-----+-----------+
    |Total                            | 3032|   0| 3443|        411|
    +---------------------------------+-----+----+-----+-----------+



================================================================
== Interface
================================================================
* Summary: 
+--------------------+-----+-----+------------+------------------+--------------+
|      RTL Ports     | Dir | Bits|  Protocol  |   Source Object  |    C Type    |
+--------------------+-----+-----+------------+------------------+--------------+
|ap_clk              |  in |    1| ap_ctrl_hs | lenetSynthMatlab | return value |
|ap_rst              |  in |    1| ap_ctrl_hs | lenetSynthMatlab | return value |
|ap_start            |  in |    1| ap_ctrl_hs | lenetSynthMatlab | return value |
|ap_done             | out |    1| ap_ctrl_hs | lenetSynthMatlab | return value |
|ap_idle             | out |    1| ap_ctrl_hs | lenetSynthMatlab | return value |
|ap_ready            | out |    1| ap_ctrl_hs | lenetSynthMatlab | return value |
|inputImg_address0   | out |   10|  ap_memory |     inputImg     |     array    |
|inputImg_ce0        | out |    1|  ap_memory |     inputImg     |     array    |
|inputImg_q0         |  in |   32|  ap_memory |     inputImg     |     array    |
|netScores_address0  | out |    4|  ap_memory |     netScores    |     array    |
|netScores_ce0       | out |    1|  ap_memory |     netScores    |     array    |
|netScores_we0       | out |    1|  ap_memory |     netScores    |     array    |
|netScores_d0        | out |   32|  ap_memory |     netScores    |     array    |
+--------------------+-----+-----+------------+------------------+--------------+

