

================================================================
== Vivado HLS Report for 'sum'
================================================================
* Date:           Tue Dec 11 22:56:08 2018

* Version:        2018.2 (Build 2258646 on Thu Jun 14 20:25:20 MDT 2018)
* Project:        hls8BitFloatMod
* Solution:       solution1
* Product family: artix7
* Target device:  xc7a100tcsg324-1


================================================================
== Performance Estimates
================================================================
+ Timing (ns): 
    * Summary: 
    +--------+--------+----------+------------+
    |  Clock | Target | Estimated| Uncertainty|
    +--------+--------+----------+------------+
    |ap_clk  |  100.00|    30.995|       12.50|
    +--------+--------+----------+------------+

+ Latency (clock cycles): 
    * Summary: 
    +-----+-----+-----+-----+---------+
    |  Latency  |  Interval | Pipeline|
    | min | max | min | max |   Type  |
    +-----+-----+-----+-----+---------+
    |   60|   60|   60|   60|   none  |
    +-----+-----+-----+-----+---------+

    + Detail: 
        * Instance: 
        N/A

        * Loop: 
        +-------------+-----+-----+----------+-----------+-----------+------+----------+
        |             |  Latency  | Iteration|  Initiation Interval  | Trip |          |
        |  Loop Name  | min | max |  Latency |  achieved |   target  | Count| Pipelined|
        +-------------+-----+-----+----------+-----------+-----------+------+----------+
        |- Loop 1     |   10|   10|         2|          -|          -|     5|    no    |
        |- Loop 2     |   48|   48|        12|          -|          -|     4|    no    |
        | + Loop 2.1  |   10|   10|         2|          -|          -|     5|    no    |
        +-------------+-----+-----+----------+-----------+-----------+------+----------+



================================================================
== Utilization Estimates
================================================================
* Summary: 
+-----------------+---------+-------+--------+-------+
|       Name      | BRAM_18K| DSP48E|   FF   |  LUT  |
+-----------------+---------+-------+--------+-------+
|DSP              |        -|      -|       -|      -|
|Expression       |        -|      -|       0|    104|
|FIFO             |        -|      -|       -|      -|
|Instance         |        -|      2|     177|    195|
|Memory           |        -|      -|       -|      -|
|Multiplexer      |        -|      -|       -|    116|
|Register         |        -|      -|      34|      -|
+-----------------+---------+-------+--------+-------+
|Total            |        0|      2|     211|    415|
+-----------------+---------+-------+--------+-------+
|Available        |      270|    240|  126800|  63400|
+-----------------+---------+-------+--------+-------+
|Utilization (%)  |        0|   ~0  |   ~0   |   ~0  |
+-----------------+---------+-------+--------+-------+

+ Detail: 
    * Instance: 
    +-------------------------+----------------------+---------+-------+-----+-----+
    |         Instance        |        Module        | BRAM_18K| DSP48E|  FF | LUT |
    +-------------------------+----------------------+---------+-------+-----+-----+
    |lenetSynthMatlab_bkb_U1  |lenetSynthMatlab_bkb  |        0|      2|  177|  195|
    +-------------------------+----------------------+---------+-------+-----+-----+
    |Total                    |                      |        0|      2|  177|  195|
    +-------------------------+----------------------+---------+-------+-----+-----+

    * DSP48: 
    N/A

    * Memory: 
    N/A

    * FIFO: 
    N/A

    * Expression: 
    +---------------------+----------+-------+---+----+------------+------------+
    |    Variable Name    | Operation| DSP48E| FF| LUT| Bitwidth P0| Bitwidth P1|
    +---------------------+----------+-------+---+----+------------+------------+
    |b_k_1_fu_174_p2      |     +    |      0|  0|  12|           3|           1|
    |k_2_fu_115_p2        |     +    |      0|  0|  12|           3|           1|
    |k_3_fu_136_p2        |     +    |      0|  0|  12|           3|           1|
    |tmp1_fu_154_p2       |     +    |      0|  0|  13|           4|           4|
    |tmp2_fu_180_p2       |     +    |      0|  0|  13|           4|           3|
    |tmp_5_fu_190_p2      |     +    |      0|  0|  15|           5|           5|
    |exitcond1_fu_130_p2  |   icmp   |      0|  0|   9|           3|           4|
    |exitcond2_fu_109_p2  |   icmp   |      0|  0|   9|           3|           3|
    |exitcond_fu_168_p2   |   icmp   |      0|  0|   9|           3|           3|
    +---------------------+----------+-------+---+----+------------+------------+
    |Total                |          |      0|  0| 104|          31|          25|
    +---------------------+----------+-------+---+----+------------+------------+

    * Multiplexer: 
    +------------+----+-----------+-----+-----------+
    |    Name    | LUT| Input Size| Bits| Total Bits|
    +------------+----+-----------+-----+-----------+
    |ap_NS_fsm   |  38|          7|    1|          7|
    |b_k_reg_91  |   9|          2|    3|          6|
    |k_1_reg_80  |   9|          2|    3|          6|
    |k_reg_69    |   9|          2|    3|          6|
    |x_address0  |  15|          3|    5|         15|
    |y_address0  |  21|          4|    3|         12|
    |y_d0        |  15|          3|   32|         96|
    +------------+----+-----------+-----+-----------+
    |Total       | 116|         23|   50|        148|
    +------------+----+-----------+-----+-----------+

    * Register: 
    +-------------------+---+----+-----+-----------+
    |        Name       | FF| LUT| Bits| Const Bits|
    +-------------------+---+----+-----+-----------+
    |ap_CS_fsm          |  6|   0|    6|          0|
    |b_k_1_reg_239      |  3|   0|    3|          0|
    |b_k_reg_91         |  3|   0|    3|          0|
    |k_1_reg_80         |  3|   0|    3|          0|
    |k_2_reg_208        |  3|   0|    3|          0|
    |k_3_reg_226        |  3|   0|    3|          0|
    |k_reg_69           |  3|   0|    3|          0|
    |tmp1_cast_reg_231  |  4|   0|    5|          1|
    |tmp_reg_213        |  3|   0|   64|         61|
    |y_addr_1_reg_249   |  3|   0|    3|          0|
    +-------------------+---+----+-----+-----------+
    |Total              | 34|   0|   96|         62|
    +-------------------+---+----+-----+-----------+



================================================================
== Interface
================================================================
* Summary: 
+------------+-----+-----+------------+--------------+--------------+
|  RTL Ports | Dir | Bits|  Protocol  | Source Object|    C Type    |
+------------+-----+-----+------------+--------------+--------------+
|ap_clk      |  in |    1| ap_ctrl_hs |      sum     | return value |
|ap_rst      |  in |    1| ap_ctrl_hs |      sum     | return value |
|ap_start    |  in |    1| ap_ctrl_hs |      sum     | return value |
|ap_done     | out |    1| ap_ctrl_hs |      sum     | return value |
|ap_idle     | out |    1| ap_ctrl_hs |      sum     | return value |
|ap_ready    | out |    1| ap_ctrl_hs |      sum     | return value |
|x_address0  | out |    5|  ap_memory |       x      |     array    |
|x_ce0       | out |    1|  ap_memory |       x      |     array    |
|x_q0        |  in |   32|  ap_memory |       x      |     array    |
|y_address0  | out |    3|  ap_memory |       y      |     array    |
|y_ce0       | out |    1|  ap_memory |       y      |     array    |
|y_we0       | out |    1|  ap_memory |       y      |     array    |
|y_d0        | out |   32|  ap_memory |       y      |     array    |
|y_q0        |  in |   32|  ap_memory |       y      |     array    |
+------------+-----+-----+------------+--------------+--------------+

