Copyright 1986-2018 Xilinx, Inc. All Rights Reserved.
---------------------------------------------------------------------------------------------
| Tool Version : Vivado v.2018.2 (lin64) Build 2258646 Thu Jun 14 20:02:38 MDT 2018
| Date         : Sat Dec  8 21:29:34 2018
| Host         : Neuromancer running 64-bit Ubuntu 18.04.1 LTS
| Command      : report_control_sets -verbose -file lenetSynthMatlab_control_sets_placed.rpt
| Design       : lenetSynthMatlab
| Device       : xc7a100t
---------------------------------------------------------------------------------------------

Control Set Information

Table of Contents
-----------------
1. Summary
2. Histogram
3. Flip-Flop Distribution
4. Detailed Control Set Information

1. Summary
----------

+----------------------------------------------------------+-------+
|                          Status                          | Count |
+----------------------------------------------------------+-------+
| Number of unique control sets                            |   152 |
| Unused register locations in slices containing registers |   314 |
+----------------------------------------------------------+-------+


2. Histogram
------------

+--------+--------------+
| Fanout | Control Sets |
+--------+--------------+
|      8 |           23 |
|     10 |           23 |
|     12 |            6 |
|     14 |           16 |
|    16+ |           84 |
+--------+--------------+


3. Flip-Flop Distribution
-------------------------

+--------------+-----------------------+------------------------+-----------------+--------------+
| Clock Enable | Synchronous Set/Reset | Asynchronous Set/Reset | Total Registers | Total Slices |
+--------------+-----------------------+------------------------+-----------------+--------------+
| No           | No                    | No                     |            3180 |          486 |
| No           | No                    | Yes                    |               0 |            0 |
| No           | Yes                   | No                     |             528 |          125 |
| Yes          | No                    | No                     |            4144 |          667 |
| Yes          | No                    | Yes                    |               0 |            0 |
| Yes          | Yes                   | No                     |            1058 |          140 |
+--------------+-----------------------+------------------------+-----------------+--------------+


4. Detailed Control Set Information
-----------------------------------

+--------------+------------------------------------------------------------------+--------------------------------------------------------------------------------------------------------------------------------------------------------------------------------------+------------------+----------------+
| Clock Signal |                           Enable Signal                          |                                                                                   Set/Reset Signal                                                                                   | Slice Load Count | Bel Load Count |
+--------------+------------------------------------------------------------------+--------------------------------------------------------------------------------------------------------------------------------------------------------------------------------------+------------------+----------------+
|  ap_clk      | ap_CS_fsm_state154                                               |                                                                                                                                                                                      |                1 |              8 |
|  ap_clk      | ap_NS_fsm129_out                                                 | r_2_reg_8640                                                                                                                                                                         |                1 |              8 |
|  ap_clk      | ap_NS_fsm120_out                                                 | ap_NS_fsm131_out                                                                                                                                                                     |                2 |              8 |
|  ap_clk      | ap_NS_fsm134_out                                                 |                                                                                                                                                                                      |                1 |              8 |
|  ap_clk      | grp_g_sum_fu_1207/tmp_reg_1981                                   |                                                                                                                                                                                      |                2 |              8 |
|  ap_clk      | b_k_2_reg_9640                                                   |                                                                                                                                                                                      |                1 |              8 |
|  ap_clk      | grp_g_sum_fu_1207/y_addr_2_reg_2340                              |                                                                                                                                                                                      |                2 |              8 |
|  ap_clk      | ap_NS_fsm119_out                                                 | colOutIdx_4_reg_953                                                                                                                                                                  |                1 |              8 |
|  ap_clk      | ap_CS_fsm_state82                                                |                                                                                                                                                                                      |                1 |              8 |
|  ap_clk      | grp_sum_fu_1213/b_k_reg_910                                      |                                                                                                                                                                                      |                1 |              8 |
|  ap_clk      | colOutIdx_8_reg_11780                                            |                                                                                                                                                                                      |                1 |              8 |
|  ap_clk      | netScores_we0                                                    | k_7_reg_1155[3]_i_1_n_0                                                                                                                                                              |                1 |              8 |
|  ap_clk      | grp_d_sum_fu_1201/b_k_reg_890                                    |                                                                                                                                                                                      |                1 |              8 |
|  ap_clk      | ap_CS_fsm_state81                                                |                                                                                                                                                                                      |                2 |              8 |
|  ap_clk      | ap_CS_fsm_state52                                                |                                                                                                                                                                                      |                1 |              8 |
|  ap_clk      | ap_CS_fsm_state45                                                | c_1_reg_830                                                                                                                                                                          |                2 |              8 |
|  ap_clk      | tmp_5_cast_reg_3781[4]_i_1_n_0                                   |                                                                                                                                                                                      |                1 |              8 |
|  ap_clk      | ap_CS_fsm_state53                                                |                                                                                                                                                                                      |                1 |              8 |
|  ap_clk      | ap_CS_fsm_state36                                                |                                                                                                                                                                                      |                2 |              8 |
|  ap_clk      | ap_NS_fsm[96]                                                    | p_Val2_9_reg_4214[3]                                                                                                                                                                 |                1 |              8 |
|  ap_clk      | ap_CS_fsm_state126                                               | k_i2_reg_1099                                                                                                                                                                        |                1 |              8 |
|  ap_clk      | we02_in                                                          | tmp9_reg_3944[10]_i_1_n_0                                                                                                                                                            |                1 |              8 |
|  ap_clk      | ap_CS_fsm_state120                                               |                                                                                                                                                                                      |                2 |              8 |
|  ap_clk      | grp_g_sum_fu_1207/ap_CS_fsm_state5                               |                                                                                                                                                                                      |                2 |             10 |
|  ap_clk      | grp_g_sum_fu_1207/ap_CS_fsm_state12                              | grp_g_sum_fu_1207/b_k_reg_930                                                                                                                                                        |                1 |             10 |
|  ap_clk      | ap_CS_fsm_state28                                                |                                                                                                                                                                                      |                2 |             10 |
|  ap_clk      | ap_CS_fsm_state107                                               |                                                                                                                                                                                      |                1 |             10 |
|  ap_clk      | ap_NS_fsm116_out                                                 | f_3_reg_986                                                                                                                                                                          |                1 |             10 |
|  ap_clk      | ap_NS_fsm111_out                                                 |                                                                                                                                                                                      |                2 |             10 |
|  ap_clk      | ap_CS_fsm_state83                                                |                                                                                                                                                                                      |                2 |             10 |
|  ap_clk      | ap_CS_fsm_reg_n_0_[25]                                           | c_reg_6750                                                                                                                                                                           |                2 |             10 |
|  ap_clk      | ap_CS_fsm_reg_n_0_[113]                                          | b_k_3_reg_1078[4]_i_1_n_0                                                                                                                                                            |                1 |             10 |
|  ap_clk      | grp_g_sum_fu_1207/ap_CS_fsm_state2                               |                                                                                                                                                                                      |                2 |             10 |
|  ap_clk      | ap_NS_fsm[6]                                                     |                                                                                                                                                                                      |                2 |             10 |
|  ap_clk      | we015_in                                                         | b_k_2_reg_9640                                                                                                                                                                       |                1 |             10 |
|  ap_clk      | grp_c_sum_fu_1189/b_k_1_reg_1120                                 |                                                                                                                                                                                      |                1 |             10 |
|  ap_clk      | grp_c_sum_fu_1189/b_k_reg_900                                    |                                                                                                                                                                                      |                2 |             10 |
|  ap_clk      | grp_c_sum_fu_1189/y_addr_5_reg_4380                              |                                                                                                                                                                                      |                3 |             10 |
|  ap_clk      | grp_c_sum_fu_1189/ap_NS_fsm[3]                                   |                                                                                                                                                                                      |                2 |             10 |
|  ap_clk      | grp_f_sum_fu_1195/ap_CS_fsm_state15                              | grp_f_sum_fu_1195/c_k_reg_1230                                                                                                                                                       |                2 |             10 |
|  ap_clk      | grp_f_sum_fu_1195/ap_CS_fsm_state4                               | grp_f_sum_fu_1195/b_k_reg_900                                                                                                                                                        |                1 |             10 |
|  ap_clk      | grp_f_sum_fu_1195/ap_CS_fsm_state3                               |                                                                                                                                                                                      |                2 |             10 |
|  ap_clk      | grp_f_sum_fu_1195/ap_CS_fsm_state7                               |                                                                                                                                                                                      |                1 |             10 |
|  ap_clk      | ap_NS_fsm138_out                                                 | colOutIdx_1_reg_752[4]_i_1_n_0                                                                                                                                                       |                1 |             10 |
|  ap_clk      | ap_NS_fsm130_out                                                 | f_2_reg_853                                                                                                                                                                          |                1 |             10 |
|  ap_clk      | grp_g_sum_fu_1207/ap_CS_fsm_state3                               | grp_g_sum_fu_1207/k_reg_71                                                                                                                                                           |                1 |             10 |
|  ap_clk      | colOutIdx_4_reg_9530                                             |                                                                                                                                                                                      |                2 |             12 |
|  ap_clk      | r_3_reg_10090                                                    |                                                                                                                                                                                      |                2 |             12 |
|  ap_clk      | tmp9_reg_3944[10]_i_1_n_0                                        |                                                                                                                                                                                      |                2 |             12 |
|  ap_clk      | ap_CS_fsm_state5                                                 |                                                                                                                                                                                      |                2 |             12 |
|  ap_clk      | ap_CS_fsm_state2                                                 |                                                                                                                                                                                      |                2 |             12 |
|  ap_clk      | ap_CS_fsm_state34                                                |                                                                                                                                                                                      |                2 |             12 |
|  ap_clk      | ap_NS_fsm[132]                                                   |                                                                                                                                                                                      |                3 |             14 |
|  ap_clk      | ap_CS_fsm_state155                                               |                                                                                                                                                                                      |                3 |             14 |
|  ap_clk      | ap_CS_fsm_state165                                               | colOutIdx_8_reg_1178                                                                                                                                                                 |                1 |             14 |
|  ap_clk      | we04_in                                                          | k_5_reg_1110[6]_i_1_n_0                                                                                                                                                              |                1 |             14 |
|  ap_clk      |                                                                  | lenetSynthMatlab_tde_U18/lenetSynthMatlab_ap_fmul_2_max_dsp_32_u/U0/i_synth/MULT.OP/EXP/STATE_DELAY/i_pipe/p_1_in12_out                                                              |                2 |             14 |
|  ap_clk      | we010_in                                                         | k_6_reg_1121[6]_i_1_n_0                                                                                                                                                              |                2 |             14 |
|  ap_clk      | we00_in                                                          | ap_NS_fsm117_out                                                                                                                                                                     |                4 |             14 |
|  ap_clk      | b_k_reg_7630                                                     |                                                                                                                                                                                      |                1 |             14 |
|  ap_clk      | colOutIdx_7_reg_11440                                            |                                                                                                                                                                                      |                2 |             14 |
|  ap_clk      | ap_CS_fsm_state137                                               |                                                                                                                                                                                      |                3 |             14 |
|  ap_clk      | grp_f_sum_fu_1195/tmp_137_reg_3111                               |                                                                                                                                                                                      |                1 |             14 |
|  ap_clk      | grp_f_sum_fu_1195/y_addr_3_reg_376_reg[6]_0[0]                   |                                                                                                                                                                                      |                4 |             14 |
|  ap_clk      | ap_CS_fsm_state104                                               |                                                                                                                                                                                      |                5 |             14 |
|  ap_clk      | ap_CS_fsm_state132                                               |                                                                                                                                                                                      |                2 |             14 |
|  ap_clk      | ap_CS_fsm_state148                                               | colOutIdx_7_reg_1144                                                                                                                                                                 |                2 |             14 |
|  ap_clk      | ap_CS_fsm_state136                                               |                                                                                                                                                                                      |                2 |             14 |
|  ap_clk      | ap_NS_fsm[42]                                                    | p_Val2_2_reg_3870[4]                                                                                                                                                                 |                4 |             16 |
|  ap_clk      | ap_NS_fsm145_out                                                 |                                                                                                                                                                                      |                2 |             16 |
|  ap_clk      | tmp_103_reg_40060                                                |                                                                                                                                                                                      |                2 |             16 |
|  ap_clk      | ap_NS_fsm[42]                                                    |                                                                                                                                                                                      |                4 |             18 |
|  ap_clk      | invdar1_reg_9750                                                 | ap_NS_fsm121_out                                                                                                                                                                     |                3 |             18 |
|  ap_clk      | ap_CS_fsm_state43                                                |                                                                                                                                                                                      |                2 |             18 |
|  ap_clk      | ap_NS_fsm[107]                                                   |                                                                                                                                                                                      |                3 |             18 |
|  ap_clk      | ap_CS_fsm_state88                                                |                                                                                                                                                                                      |                2 |             20 |
|  ap_clk      | ap_CS_fsm_state97                                                |                                                                                                                                                                                      |                6 |             20 |
|  ap_clk      | ap_CS_fsm_state51                                                |                                                                                                                                                                                      |                4 |             20 |
|  ap_clk      | ap_CS_fsm_state44                                                |                                                                                                                                                                                      |                4 |             20 |
|  ap_clk      | ap_CS_fsm_state4                                                 |                                                                                                                                                                                      |                2 |             20 |
|  ap_clk      | ap_NS_fsm[96]                                                    |                                                                                                                                                                                      |                5 |             20 |
|  ap_clk      | invdar_reg_7740                                                  | ap_NS_fsm140_out                                                                                                                                                                     |                4 |             22 |
|  ap_clk      | tmp_74_reg_4034[10]_i_1_n_0                                      |                                                                                                                                                                                      |                3 |             22 |
|  ap_clk      | tmp_86_reg_3988[5]_i_1_n_0                                       |                                                                                                                                                                                      |                3 |             22 |
|  ap_clk      | grp_c_sum_fu_1189/c_k_reg_1230                                   |                                                                                                                                                                                      |                3 |             22 |
|  ap_clk      | ap_CS_fsm_state94                                                |                                                                                                                                                                                      |                4 |             22 |
|  ap_clk      | ap_NS_fsm[83]                                                    |                                                                                                                                                                                      |                3 |             22 |
|  ap_clk      | tmp_15_reg_3677[12]_i_1_n_0                                      |                                                                                                                                                                                      |                4 |             26 |
|  ap_clk      | tmp_8_reg_37261                                                  |                                                                                                                                                                                      |                4 |             26 |
|  ap_clk      | grp_f_sum_fu_1195/tmp_139_reg_3610                               |                                                                                                                                                                                      |                4 |             26 |
|  ap_clk      | ap_CS_fsm_state40                                                |                                                                                                                                                                                      |                5 |             26 |
|  ap_clk      | ap_CS_fsm_state50                                                | phi_mul4_reg_819                                                                                                                                                                     |                2 |             28 |
|  ap_clk      | ap_NS_fsm146_out                                                 | phi_mul_reg_6640                                                                                                                                                                     |                3 |             32 |
|  ap_clk      | ap_NS_fsm139_out                                                 | ap_NS_fsm148_out                                                                                                                                                                     |                4 |             32 |
|  ap_clk      | ap_NS_fsm128_out                                                 |                                                                                                                                                                                      |                4 |             32 |
|  ap_clk      | tmp_118_reg_41970                                                |                                                                                                                                                                                      |                7 |             38 |
|  ap_clk      |                                                                  | lenetSynthMatlab_tde_U18/lenetSynthMatlab_ap_fmul_2_max_dsp_32_u/U0/i_synth/MULT.OP/EXP/SIG_DELAY/i_pipe/RESULT_REG.NORMAL.mant_op_reg[21]                                           |                7 |             44 |
|  ap_clk      | ap_CS_fsm_state35                                                |                                                                                                                                                                                      |                5 |             48 |
|  ap_clk      | ap_NS_fsm[37]                                                    |                                                                                                                                                                                      |                9 |             52 |
|  ap_clk      | ap_CS_fsm_state3                                                 |                                                                                                                                                                                      |                9 |             54 |
|  ap_clk      | ap_CS_fsm_state27                                                |                                                                                                                                                                                      |                8 |             54 |
|  ap_clk      | grp_c_sum_fu_1189/q0_reg[31]                                     |                                                                                                                                                                                      |                8 |             64 |
|  ap_clk      | grp_c_sum_fu_1189/ap_CS_fsm_state13                              |                                                                                                                                                                                      |                8 |             64 |
|  ap_clk      | tmp_82_reg_1132[31]_i_2_n_0                                      | tmp_82_reg_1132[31]_i_1_n_0                                                                                                                                                          |                9 |             64 |
|  ap_clk      | grp_d_sum_fu_1201/ap_CS_fsm_state11                              |                                                                                                                                                                                      |                5 |             64 |
|  ap_clk      | ap_CS_fsm_state121                                               |                                                                                                                                                                                      |                8 |             64 |
|  ap_clk      | reg_13120                                                        |                                                                                                                                                                                      |               11 |             64 |
|  ap_clk      | reg_13070                                                        |                                                                                                                                                                                      |               10 |             64 |
|  ap_clk      | ap_CS_fsm[68]_i_1_n_0                                            |                                                                                                                                                                                      |                7 |             64 |
|  ap_clk      | tmp_88_reg_1166[31]_i_2_n_0                                      | tmp_88_reg_1166[31]_i_1_n_0                                                                                                                                                          |               10 |             64 |
|  ap_clk      | reg_12860                                                        |                                                                                                                                                                                      |               13 |             64 |
|  ap_clk      | grp_d_sum_fu_1201/p_0_in                                         |                                                                                                                                                                                      |                8 |             64 |
|  ap_clk      | grp_c_sum_fu_1189/q0_reg[0]_2                                    |                                                                                                                                                                                      |                8 |             64 |
|  ap_clk      | ap_CS_fsm[14]_i_1_n_0                                            |                                                                                                                                                                                      |                8 |             64 |
|  ap_clk      | grp_sum_fu_1213/q0_reg[31][0]                                    |                                                                                                                                                                                      |               17 |             64 |
|  ap_clk      | grp_g_sum_fu_1207/p_0_in                                         |                                                                                                                                                                                      |                8 |             64 |
|  ap_clk      | ap_CS_fsm_state70                                                |                                                                                                                                                                                      |                9 |             64 |
|  ap_clk      | grp_g_sum_fu_1207/ap_CS_fsm_state11                              |                                                                                                                                                                                      |                6 |             64 |
|  ap_clk      | grp_g_sum_fu_1207/E[0]                                           |                                                                                                                                                                                      |               15 |             64 |
|  ap_clk      | ap_CS_fsm_state16                                                |                                                                                                                                                                                      |                6 |             64 |
|  ap_clk      | fv10_U/lenetSynthMatlab_fYi_ram_U/ram_reg_0_15_0_0__0_i_1__0_n_0 |                                                                                                                                                                                      |                8 |             64 |
|  ap_clk      | ap_CS_fsm_state7                                                 |                                                                                                                                                                                      |                9 |             64 |
|  ap_clk      | grp_sum_fu_1213/E[0]                                             |                                                                                                                                                                                      |               10 |             64 |
|  ap_clk      | ap_NS_fsm[119]                                                   |                                                                                                                                                                                      |               15 |             64 |
|  ap_clk      | grp_f_sum_fu_1195/ap_CS_fsm_state14                              |                                                                                                                                                                                      |                6 |             64 |
|  ap_clk      | grp_d_sum_fu_1201/q0_reg[31][0]                                  |                                                                                                                                                                                      |               18 |             64 |
|  ap_clk      | fv10_U/lenetSynthMatlab_fYi_ram_U/ram_reg_0_15_0_0_i_1__1_n_0    |                                                                                                                                                                                      |                8 |             64 |
|  ap_clk      | grp_sum_fu_1213/p_0_in                                           |                                                                                                                                                                                      |                8 |             64 |
|  ap_clk      | grp_d_sum_fu_1201/E[0]                                           |                                                                                                                                                                                      |               13 |             64 |
|  ap_clk      | grp_sum_fu_1213/ap_CS_fsm_state11                                |                                                                                                                                                                                      |                7 |             64 |
|  ap_clk      | ap_CS_fsm_state31                                                | conv1ActivationMap_U/lenetSynthMatlab_dEe_ram_U/SR[0]                                                                                                                                |                6 |             72 |
|  ap_clk      | maxval_1_3_fu_286                                                |                                                                                                                                                                                      |               11 |             80 |
|  ap_clk      | ap_CS_fsm_state39                                                |                                                                                                                                                                                      |               13 |             80 |
|  ap_clk      | maxval_1_fu_282                                                  |                                                                                                                                                                                      |               16 |             80 |
|  ap_clk      | ap_CS_fsm_state85                                                | conv2ActivationMap_U/lenetSynthMatlab_ibs_ram_U/SR[0]                                                                                                                                |                8 |             92 |
|  ap_clk      |                                                                  | lenetSynthMatlab_wdI_U21/lenetSynthMatlab_ap_dadd_4_full_dsp_64_u/U0/i_synth/ADDSUB_OP.ADDSUB/SPEED_OP.LOGIC.OP/EXP/EXP_OFF.LRG_EXP_DELAY/i_pipe/RESULT_REG.NORMAL.mant_op_reg[50]_0 |               15 |            102 |
|  ap_clk      | grp_f_sum_fu_1195/ap_CS_fsm_state9                               |                                                                                                                                                                                      |               15 |            128 |
|  ap_clk      | x_assign_reg_796[63]_i_2_n_0                                     | x_assign_reg_796[63]_i_1_n_0                                                                                                                                                         |               20 |            128 |
|  ap_clk      | ap_NS_fsm[88]                                                    | x_assign_5_reg_997[63]_i_1_n_0                                                                                                                                                       |               24 |            128 |
|  ap_clk      | grp_c_sum_fu_1189/ap_CS_fsm_state8                               |                                                                                                                                                                                      |               20 |            128 |
|  ap_clk      | grp_d_sum_fu_1201/ap_CS_fsm_state6                               |                                                                                                                                                                                      |               13 |            128 |
|  ap_clk      | maxval_1_7_fu_294[63]_i_1_n_0                                    |                                                                                                                                                                                      |               18 |            128 |
|  ap_clk      | maxval_1_6_fu_290[63]_i_1_n_0                                    |                                                                                                                                                                                      |               29 |            128 |
|  ap_clk      | grp_g_sum_fu_1207/ap_CS_fsm_state6                               |                                                                                                                                                                                      |               23 |            128 |
|  ap_clk      | ap_CS_fsm_state93                                                |                                                                                                                                                                                      |               20 |            128 |
|  ap_clk      | grp_sum_fu_1213/ap_CS_fsm_state6                                 |                                                                                                                                                                                      |               18 |            128 |
|  ap_clk      | ap_CS_fsm_state134                                               | fc1ActivationMap_U/lenetSynthMatlab_pcA_ram_U/SR[0]                                                                                                                                  |               11 |            128 |
|  ap_clk      | c_3_reg_10210                                                    |                                                                                                                                                                                      |               21 |            134 |
|  ap_clk      | c_1_reg_8300                                                     |                                                                                                                                                                                      |               27 |            146 |
|  ap_clk      | reg_12930                                                        |                                                                                                                                                                                      |               29 |            160 |
|  ap_clk      |                                                                  | ap_rst                                                                                                                                                                               |              101 |            368 |
|  ap_clk      |                                                                  |                                                                                                                                                                                      |              496 |           3216 |
+--------------+------------------------------------------------------------------+--------------------------------------------------------------------------------------------------------------------------------------------------------------------------------------+------------------+----------------+


