

================================================================
== Vivado HLS Report for 'd_sum'
================================================================
* Date:           Sun Dec  9 13:07:41 2018

* Version:        2018.2 (Build 2258646 on Thu Jun 14 20:25:20 MDT 2018)
* Project:        hlsProject8Bit
* Solution:       solution1
* Product family: artix7
* Target device:  xc7a100tcsg324-1


================================================================
== Performance Estimates
================================================================
+ Timing (ns): 
    * Summary: 
    +--------+-------+----------+------------+
    |  Clock | Target| Estimated| Uncertainty|
    +--------+-------+----------+------------+
    |ap_clk  |  10.00|     8.263|        1.25|
    +--------+-------+----------+------------+

+ Latency (clock cycles): 
    * Summary: 
    +-----+-----+-----+-----+---------+
    |  Latency  |  Interval | Pipeline|
    | min | max | min | max |   Type  |
    +-----+-----+-----+-----+---------+
    |  214|  214|  214|  214|   none  |
    +-----+-----+-----+-----+---------+

    + Detail: 
        * Instance: 
        N/A

        * Loop: 
        +-------------+-----+-----+----------+-----------+-----------+------+----------+
        |             |  Latency  | Iteration|  Initiation Interval  | Trip |          |
        |  Loop Name  | min | max |  Latency |  achieved |   target  | Count| Pipelined|
        +-------------+-----+-----+----------+-----------+-----------+------+----------+
        |- Loop 1     |   12|   12|         2|          -|          -|     6|    no    |
        |- Loop 2     |  200|  200|        50|          -|          -|     4|    no    |
        | + Loop 2.1  |   48|   48|         8|          -|          -|     6|    no    |
        +-------------+-----+-----+----------+-----------+-----------+------+----------+



================================================================
== Utilization Estimates
================================================================
* Summary: 
+-----------------+---------+-------+--------+-------+
|       Name      | BRAM_18K| DSP48E|   FF   |  LUT  |
+-----------------+---------+-------+--------+-------+
|DSP              |        -|      -|       -|      -|
|Expression       |        -|      -|       0|    106|
|FIFO             |        -|      -|       -|      -|
|Instance         |        -|      2|     205|    205|
|Memory           |        -|      -|       -|      -|
|Multiplexer      |        -|      -|       -|    134|
|Register         |        -|      -|     137|      -|
+-----------------+---------+-------+--------+-------+
|Total            |        0|      2|     342|    445|
+-----------------+---------+-------+--------+-------+
|Available        |      270|    240|  126800|  63400|
+-----------------+---------+-------+--------+-------+
|Utilization (%)  |        0|   ~0  |   ~0   |   ~0  |
+-----------------+---------+-------+--------+-------+

+ Detail: 
    * Instance: 
    +-------------------------+----------------------+---------+-------+-----+-----+
    |         Instance        |        Module        | BRAM_18K| DSP48E|  FF | LUT |
    +-------------------------+----------------------+---------+-------+-----+-----+
    |lenetSynthMatlab_bkb_U8  |lenetSynthMatlab_bkb  |        0|      2|  205|  205|
    +-------------------------+----------------------+---------+-------+-----+-----+
    |Total                    |                      |        0|      2|  205|  205|
    +-------------------------+----------------------+---------+-------+-----+-----+

    * DSP48: 
    N/A

    * Memory: 
    N/A

    * FIFO: 
    N/A

    * Expression: 
    +---------------------+----------+-------+---+----+------------+------------+
    |    Variable Name    | Operation| DSP48E| FF| LUT| Bitwidth P0| Bitwidth P1|
    +---------------------+----------+-------+---+----+------------+------------+
    |b_k_12_fu_175_p2     |     +    |      0|  0|  12|           3|           1|
    |k_27_fu_110_p2       |     +    |      0|  0|  12|           3|           1|
    |k_28_fu_127_p2       |     +    |      0|  0|  12|           3|           1|
    |tmp1_fu_181_p2       |     +    |      0|  0|  13|           4|           3|
    |tmp_145_fu_191_p2    |     +    |      0|  0|  15|           6|           6|
    |tmp_s_fu_159_p2      |     -    |      0|  0|  15|           6|           6|
    |exitcond1_fu_121_p2  |   icmp   |      0|  0|   9|           3|           4|
    |exitcond2_fu_104_p2  |   icmp   |      0|  0|   9|           3|           3|
    |exitcond_fu_169_p2   |   icmp   |      0|  0|   9|           3|           3|
    +---------------------+----------+-------+---+----+------------+------------+
    |Total                |          |      0|  0| 106|          34|          28|
    +---------------------+----------+-------+---+----+------------+------------+

    * Multiplexer: 
    +------------+----+-----------+-----+-----------+
    |    Name    | LUT| Input Size| Bits| Total Bits|
    +------------+----+-----------+-----+-----------+
    |ap_NS_fsm   |  56|         13|    1|         13|
    |b_k_reg_89  |   9|          2|    3|          6|
    |k_1_reg_78  |   9|          2|    3|          6|
    |k_reg_67    |   9|          2|    3|          6|
    |x_address0  |  15|          3|    5|         15|
    |y_address0  |  21|          4|    3|         12|
    |y_d0        |  15|          3|   32|         96|
    +------------+----+-----------+-----+-----------+
    |Total       | 134|         29|   50|        154|
    +------------+----+-----------+-----+-----------+

    * Register: 
    +------------------+----+----+-----+-----------+
    |       Name       | FF | LUT| Bits| Const Bits|
    +------------------+----+----+-----+-----------+
    |ap_CS_fsm         |  12|   0|   12|          0|
    |b_k_12_reg_240    |   3|   0|    3|          0|
    |b_k_reg_89        |   3|   0|    3|          0|
    |k_1_reg_78        |   3|   0|    3|          0|
    |k_27_reg_209      |   3|   0|    3|          0|
    |k_28_reg_227      |   3|   0|    3|          0|
    |k_reg_67          |   3|   0|    3|          0|
    |tmp_148_reg_265   |  32|   0|   32|          0|
    |tmp_reg_214       |   3|   0|   64|         61|
    |tmp_s_reg_232     |   5|   0|    6|          1|
    |x_load_4_reg_255  |  32|   0|   32|          0|
    |y_addr_4_reg_250  |   3|   0|    3|          0|
    |y_load_reg_260    |  32|   0|   32|          0|
    +------------------+----+----+-----+-----------+
    |Total             | 137|   0|  199|         62|
    +------------------+----+----+-----+-----------+



================================================================
== Interface
================================================================
* Summary: 
+------------+-----+-----+------------+--------------+--------------+
|  RTL Ports | Dir | Bits|  Protocol  | Source Object|    C Type    |
+------------+-----+-----+------------+--------------+--------------+
|ap_clk      |  in |    1| ap_ctrl_hs |     d_sum    | return value |
|ap_rst      |  in |    1| ap_ctrl_hs |     d_sum    | return value |
|ap_start    |  in |    1| ap_ctrl_hs |     d_sum    | return value |
|ap_done     | out |    1| ap_ctrl_hs |     d_sum    | return value |
|ap_idle     | out |    1| ap_ctrl_hs |     d_sum    | return value |
|ap_ready    | out |    1| ap_ctrl_hs |     d_sum    | return value |
|x_address0  | out |    5|  ap_memory |       x      |     array    |
|x_ce0       | out |    1|  ap_memory |       x      |     array    |
|x_q0        |  in |   32|  ap_memory |       x      |     array    |
|y_address0  | out |    3|  ap_memory |       y      |     array    |
|y_ce0       | out |    1|  ap_memory |       y      |     array    |
|y_we0       | out |    1|  ap_memory |       y      |     array    |
|y_d0        | out |   32|  ap_memory |       y      |     array    |
|y_q0        |  in |   32|  ap_memory |       y      |     array    |
+------------+-----+-----+------------+--------------+--------------+

