

================================================================
== Vivado HLS Report for 'd_sum'
================================================================
* Date:           Sun Dec  9 13:07:39 2018

* Version:        2018.2 (Build 2258646 on Thu Jun 14 20:25:20 MDT 2018)
* Project:        hlsProject8Bit
* Solution:       solution1
* Product family: artix7
* Target device:  xc7a100tcsg324-1


================================================================
== Performance Estimates
================================================================
+ Timing (ns): 
    * Summary: 
    +--------+-------+----------+------------+
    |  Clock | Target| Estimated| Uncertainty|
    +--------+-------+----------+------------+
    |ap_clk  |  10.00|     8.263|        1.25|
    +--------+-------+----------+------------+

+ Latency (clock cycles): 
    * Summary: 
    +-----+-----+-----+-----+---------+
    |  Latency  |  Interval | Pipeline|
    | min | max | min | max |   Type  |
    +-----+-----+-----+-----+---------+
    |  214|  214|  214|  214|   none  |
    +-----+-----+-----+-----+---------+

    + Detail: 
        * Instance: 
        N/A

        * Loop: 
        +-------------+-----+-----+----------+-----------+-----------+------+----------+
        |             |  Latency  | Iteration|  Initiation Interval  | Trip |          |
        |  Loop Name  | min | max |  Latency |  achieved |   target  | Count| Pipelined|
        +-------------+-----+-----+----------+-----------+-----------+------+----------+
        |- Loop 1     |   12|   12|         2|          -|          -|     6|    no    |
        |- Loop 2     |  200|  200|        50|          -|          -|     4|    no    |
        | + Loop 2.1  |   48|   48|         8|          -|          -|     6|    no    |
        +-------------+-----+-----+----------+-----------+-----------+------+----------+

============================================================
+ Verbose Summary: Synthesis Manager
============================================================
InlineROM: 1
ExposeGlobal: 0
============================================================
+ Verbose Summary: CDFG Model
============================================================
IsTopModel: 0
ResetActiveHigh: 1
IsCombinational: 0
IsDatapathOnly: 0
HasWiredReturn: 1
HasMFsm: 0
HasVarLatency: 1
IsPipeline: 0
IsRtlPipelined: 0
IsInstanceOverlapped: 0
IsDontTouch: 0
HasImplIP: 0
IsGatedGlobalClock: 0


============================================================
+ Verbose Summary: Schedule
============================================================
* Number of FSM states : 12
* Pipeline : 0
* Dataflow Pipeline: 0

* FSM state transitions: 
1 --> 
	2  / true
2 --> 
	3  / (!exitcond2)
	4  / (exitcond2)
3 --> 
	2  / true
4 --> 
	5  / (!exitcond1)
5 --> 
	6  / (!exitcond)
	4  / (exitcond)
6 --> 
	7  / true
7 --> 
	8  / true
8 --> 
	9  / true
9 --> 
	10  / true
10 --> 
	11  / true
11 --> 
	12  / true
12 --> 
	5  / true

* FSM state operations: 

State 1 <SV = 0> <Delay = 1.66>
ST_1 : Operation 13 [1/1] (1.66ns)   --->   "br label %1" [codegen/lib/lenetSynthMatlab/sum.c:67]   --->   Operation 13 'br' <Predicate = true> <Delay = 1.66>

State 2 <SV = 1> <Delay = 2.15>
ST_2 : Operation 14 [1/1] (0.00ns)   --->   "%k = phi i3 [ 0, %0 ], [ %k_27, %2 ]"   --->   Operation 14 'phi' 'k' <Predicate = true> <Delay = 0.00>
ST_2 : Operation 15 [1/1] (1.18ns)   --->   "%exitcond2 = icmp eq i3 %k, -2" [codegen/lib/lenetSynthMatlab/sum.c:67]   --->   Operation 15 'icmp' 'exitcond2' <Predicate = true> <Delay = 1.18> <Core = "Cmp">   --->   Core 25 'Cmp' <Latency = 0> <II = 1> <Delay = 1.18> <FuncUnit> <Opcode : 'icmp'> <InPorts = 2> <OutPorts = 1>
ST_2 : Operation 16 [1/1] (0.00ns)   --->   "%empty = call i32 (...)* @_ssdm_op_SpecLoopTripCount(i64 6, i64 6, i64 6)"   --->   Operation 16 'speclooptripcount' 'empty' <Predicate = true> <Delay = 0.00>
ST_2 : Operation 17 [1/1] (1.68ns)   --->   "%k_27 = add i3 %k, 1" [codegen/lib/lenetSynthMatlab/sum.c:67]   --->   Operation 17 'add' 'k_27' <Predicate = true> <Delay = 1.68> <Core = "AddSub">   --->   Core 14 'AddSub' <Latency = 0> <II = 1> <Delay = 1.94> <FuncUnit> <Opcode : 'add' 'sub'> <InPorts = 2> <OutPorts = 1>
ST_2 : Operation 18 [1/1] (0.00ns)   --->   "br i1 %exitcond2, label %.preheader3.preheader, label %2" [codegen/lib/lenetSynthMatlab/sum.c:67]   --->   Operation 18 'br' <Predicate = true> <Delay = 0.00>
ST_2 : Operation 19 [1/1] (0.00ns)   --->   "%tmp = zext i3 %k to i64" [codegen/lib/lenetSynthMatlab/sum.c:68]   --->   Operation 19 'zext' 'tmp' <Predicate = (!exitcond2)> <Delay = 0.00>
ST_2 : Operation 20 [1/1] (0.00ns)   --->   "%x_addr = getelementptr [30 x float]* %x, i64 0, i64 %tmp" [codegen/lib/lenetSynthMatlab/sum.c:68]   --->   Operation 20 'getelementptr' 'x_addr' <Predicate = (!exitcond2)> <Delay = 0.00>
ST_2 : Operation 21 [2/2] (2.15ns)   --->   "%x_load = load float* %x_addr, align 4" [codegen/lib/lenetSynthMatlab/sum.c:68]   --->   Operation 21 'load' 'x_load' <Predicate = (!exitcond2)> <Delay = 2.15> <Core = "RAM">   --->   Core 37 'RAM' <Latency = 1> <II = 1> <Delay = 2.15> <Storage> <Opcode : 'load' 'store'> <Ports = 2> <Width = 32> <Depth = 6> <RAM>
ST_2 : Operation 22 [1/1] (1.66ns)   --->   "br label %.preheader3" [codegen/lib/lenetSynthMatlab/sum.c:71]   --->   Operation 22 'br' <Predicate = (exitcond2)> <Delay = 1.66>

State 3 <SV = 2> <Delay = 4.30>
ST_3 : Operation 23 [1/2] (2.15ns)   --->   "%x_load = load float* %x_addr, align 4" [codegen/lib/lenetSynthMatlab/sum.c:68]   --->   Operation 23 'load' 'x_load' <Predicate = true> <Delay = 2.15> <Core = "RAM">   --->   Core 37 'RAM' <Latency = 1> <II = 1> <Delay = 2.15> <Storage> <Opcode : 'load' 'store'> <Ports = 2> <Width = 32> <Depth = 6> <RAM>
ST_3 : Operation 24 [1/1] (0.00ns)   --->   "%y_addr = getelementptr [6 x float]* %y, i64 0, i64 %tmp" [codegen/lib/lenetSynthMatlab/sum.c:68]   --->   Operation 24 'getelementptr' 'y_addr' <Predicate = true> <Delay = 0.00>
ST_3 : Operation 25 [1/1] (2.15ns)   --->   "store float %x_load, float* %y_addr, align 4" [codegen/lib/lenetSynthMatlab/sum.c:68]   --->   Operation 25 'store' <Predicate = true> <Delay = 2.15> <Core = "RAM">   --->   Core 37 'RAM' <Latency = 1> <II = 1> <Delay = 2.15> <Storage> <Opcode : 'load' 'store'> <Ports = 2> <Width = 32> <Depth = 6> <RAM>
ST_3 : Operation 26 [1/1] (0.00ns)   --->   "br label %1" [codegen/lib/lenetSynthMatlab/sum.c:67]   --->   Operation 26 'br' <Predicate = true> <Delay = 0.00>

State 4 <SV = 2> <Delay = 1.86>
ST_4 : Operation 27 [1/1] (0.00ns)   --->   "%k_1 = phi i3 [ %k_28, %.preheader3.loopexit ], [ 0, %.preheader3.preheader ]"   --->   Operation 27 'phi' 'k_1' <Predicate = true> <Delay = 0.00>
ST_4 : Operation 28 [1/1] (1.18ns)   --->   "%exitcond1 = icmp eq i3 %k_1, -4" [codegen/lib/lenetSynthMatlab/sum.c:71]   --->   Operation 28 'icmp' 'exitcond1' <Predicate = true> <Delay = 1.18> <Core = "Cmp">   --->   Core 25 'Cmp' <Latency = 0> <II = 1> <Delay = 1.18> <FuncUnit> <Opcode : 'icmp'> <InPorts = 2> <OutPorts = 1>
ST_4 : Operation 29 [1/1] (0.00ns)   --->   "%empty_56 = call i32 (...)* @_ssdm_op_SpecLoopTripCount(i64 4, i64 4, i64 4)"   --->   Operation 29 'speclooptripcount' 'empty_56' <Predicate = true> <Delay = 0.00>
ST_4 : Operation 30 [1/1] (1.68ns)   --->   "%k_28 = add i3 %k_1, 1" [codegen/lib/lenetSynthMatlab/sum.c:71]   --->   Operation 30 'add' 'k_28' <Predicate = true> <Delay = 1.68> <Core = "AddSub">   --->   Core 14 'AddSub' <Latency = 0> <II = 1> <Delay = 1.94> <FuncUnit> <Opcode : 'add' 'sub'> <InPorts = 2> <OutPorts = 1>
ST_4 : Operation 31 [1/1] (0.00ns)   --->   "br i1 %exitcond1, label %4, label %.preheader.preheader" [codegen/lib/lenetSynthMatlab/sum.c:71]   --->   Operation 31 'br' <Predicate = true> <Delay = 0.00>
ST_4 : Operation 32 [1/1] (0.00ns) (grouped into LUT with out node tmp_s)   --->   "%tmp_155 = trunc i3 %k_1 to i2" [codegen/lib/lenetSynthMatlab/sum.c:71]   --->   Operation 32 'trunc' 'tmp_155' <Predicate = (!exitcond1)> <Delay = 0.00>
ST_4 : Operation 33 [1/1] (0.00ns) (grouped into LUT with out node tmp_s)   --->   "%p_shl = call i5 @_ssdm_op_BitConcatenate.i5.i2.i3(i2 %tmp_155, i3 0)" [codegen/lib/lenetSynthMatlab/sum.c:73]   --->   Operation 33 'bitconcatenate' 'p_shl' <Predicate = (!exitcond1)> <Delay = 0.00>
ST_4 : Operation 34 [1/1] (0.00ns) (grouped into LUT with out node tmp_s)   --->   "%p_shl_cast = zext i5 %p_shl to i6" [codegen/lib/lenetSynthMatlab/sum.c:73]   --->   Operation 34 'zext' 'p_shl_cast' <Predicate = (!exitcond1)> <Delay = 0.00>
ST_4 : Operation 35 [1/1] (0.00ns) (grouped into LUT with out node tmp_s)   --->   "%tmp_156 = shl i3 %k_1, 1" [codegen/lib/lenetSynthMatlab/sum.c:73]   --->   Operation 35 'shl' 'tmp_156' <Predicate = (!exitcond1)> <Delay = 0.00>
ST_4 : Operation 36 [1/1] (0.00ns) (grouped into LUT with out node tmp_s)   --->   "%p_shl9_cast = zext i3 %tmp_156 to i6" [codegen/lib/lenetSynthMatlab/sum.c:73]   --->   Operation 36 'zext' 'p_shl9_cast' <Predicate = (!exitcond1)> <Delay = 0.00>
ST_4 : Operation 37 [1/1] (1.86ns) (out node of the LUT)   --->   "%tmp_s = sub i6 %p_shl_cast, %p_shl9_cast" [codegen/lib/lenetSynthMatlab/sum.c:73]   --->   Operation 37 'sub' 'tmp_s' <Predicate = (!exitcond1)> <Delay = 1.86> <Core = "AddSub">   --->   Core 14 'AddSub' <Latency = 0> <II = 1> <Delay = 1.94> <FuncUnit> <Opcode : 'add' 'sub'> <InPorts = 2> <OutPorts = 1>
ST_4 : Operation 38 [1/1] (1.66ns)   --->   "br label %.preheader" [codegen/lib/lenetSynthMatlab/sum.c:72]   --->   Operation 38 'br' <Predicate = (!exitcond1)> <Delay = 1.66>
ST_4 : Operation 39 [1/1] (0.00ns)   --->   "ret void" [codegen/lib/lenetSynthMatlab/sum.c:76]   --->   Operation 39 'ret' <Predicate = (exitcond1)> <Delay = 0.00>

State 5 <SV = 3> <Delay = 5.87>
ST_5 : Operation 40 [1/1] (0.00ns)   --->   "%b_k = phi i3 [ %b_k_12, %3 ], [ 0, %.preheader.preheader ]"   --->   Operation 40 'phi' 'b_k' <Predicate = true> <Delay = 0.00>
ST_5 : Operation 41 [1/1] (0.00ns)   --->   "%b_k_cast = zext i3 %b_k to i4" [codegen/lib/lenetSynthMatlab/sum.c:72]   --->   Operation 41 'zext' 'b_k_cast' <Predicate = true> <Delay = 0.00>
ST_5 : Operation 42 [1/1] (1.18ns)   --->   "%exitcond = icmp eq i3 %b_k, -2" [codegen/lib/lenetSynthMatlab/sum.c:72]   --->   Operation 42 'icmp' 'exitcond' <Predicate = true> <Delay = 1.18> <Core = "Cmp">   --->   Core 25 'Cmp' <Latency = 0> <II = 1> <Delay = 1.18> <FuncUnit> <Opcode : 'icmp'> <InPorts = 2> <OutPorts = 1>
ST_5 : Operation 43 [1/1] (0.00ns)   --->   "%empty_57 = call i32 (...)* @_ssdm_op_SpecLoopTripCount(i64 6, i64 6, i64 6)"   --->   Operation 43 'speclooptripcount' 'empty_57' <Predicate = true> <Delay = 0.00>
ST_5 : Operation 44 [1/1] (1.68ns)   --->   "%b_k_12 = add i3 %b_k, 1" [codegen/lib/lenetSynthMatlab/sum.c:72]   --->   Operation 44 'add' 'b_k_12' <Predicate = true> <Delay = 1.68> <Core = "AddSub">   --->   Core 14 'AddSub' <Latency = 0> <II = 1> <Delay = 1.94> <FuncUnit> <Opcode : 'add' 'sub'> <InPorts = 2> <OutPorts = 1>
ST_5 : Operation 45 [1/1] (0.00ns)   --->   "br i1 %exitcond, label %.preheader3.loopexit, label %3" [codegen/lib/lenetSynthMatlab/sum.c:72]   --->   Operation 45 'br' <Predicate = true> <Delay = 0.00>
ST_5 : Operation 46 [1/1] (1.77ns)   --->   "%tmp1 = add i4 %b_k_cast, 6" [codegen/lib/lenetSynthMatlab/sum.c:73]   --->   Operation 46 'add' 'tmp1' <Predicate = (!exitcond)> <Delay = 1.77> <Core = "AddSub">   --->   Core 14 'AddSub' <Latency = 0> <II = 1> <Delay = 1.94> <FuncUnit> <Opcode : 'add' 'sub'> <InPorts = 2> <OutPorts = 1>
ST_5 : Operation 47 [1/1] (0.00ns)   --->   "%tmp1_cast = zext i4 %tmp1 to i6" [codegen/lib/lenetSynthMatlab/sum.c:73]   --->   Operation 47 'zext' 'tmp1_cast' <Predicate = (!exitcond)> <Delay = 0.00>
ST_5 : Operation 48 [1/1] (1.94ns)   --->   "%tmp_145 = add i6 %tmp1_cast, %tmp_s" [codegen/lib/lenetSynthMatlab/sum.c:73]   --->   Operation 48 'add' 'tmp_145' <Predicate = (!exitcond)> <Delay = 1.94> <Core = "AddSub">   --->   Core 14 'AddSub' <Latency = 0> <II = 1> <Delay = 1.94> <FuncUnit> <Opcode : 'add' 'sub'> <InPorts = 2> <OutPorts = 1>
ST_5 : Operation 49 [1/1] (0.00ns)   --->   "%tmp_146 = zext i6 %tmp_145 to i64" [codegen/lib/lenetSynthMatlab/sum.c:73]   --->   Operation 49 'zext' 'tmp_146' <Predicate = (!exitcond)> <Delay = 0.00>
ST_5 : Operation 50 [1/1] (0.00ns)   --->   "%x_addr_4 = getelementptr [30 x float]* %x, i64 0, i64 %tmp_146" [codegen/lib/lenetSynthMatlab/sum.c:73]   --->   Operation 50 'getelementptr' 'x_addr_4' <Predicate = (!exitcond)> <Delay = 0.00>
ST_5 : Operation 51 [2/2] (2.15ns)   --->   "%x_load_4 = load float* %x_addr_4, align 4" [codegen/lib/lenetSynthMatlab/sum.c:73]   --->   Operation 51 'load' 'x_load_4' <Predicate = (!exitcond)> <Delay = 2.15> <Core = "RAM">   --->   Core 37 'RAM' <Latency = 1> <II = 1> <Delay = 2.15> <Storage> <Opcode : 'load' 'store'> <Ports = 2> <Width = 32> <Depth = 6> <RAM>
ST_5 : Operation 52 [1/1] (0.00ns)   --->   "%tmp_147 = zext i3 %b_k to i64" [codegen/lib/lenetSynthMatlab/sum.c:73]   --->   Operation 52 'zext' 'tmp_147' <Predicate = (!exitcond)> <Delay = 0.00>
ST_5 : Operation 53 [1/1] (0.00ns)   --->   "%y_addr_4 = getelementptr [6 x float]* %y, i64 0, i64 %tmp_147" [codegen/lib/lenetSynthMatlab/sum.c:73]   --->   Operation 53 'getelementptr' 'y_addr_4' <Predicate = (!exitcond)> <Delay = 0.00>
ST_5 : Operation 54 [2/2] (2.15ns)   --->   "%y_load = load float* %y_addr_4, align 4" [codegen/lib/lenetSynthMatlab/sum.c:73]   --->   Operation 54 'load' 'y_load' <Predicate = (!exitcond)> <Delay = 2.15> <Core = "RAM">   --->   Core 37 'RAM' <Latency = 1> <II = 1> <Delay = 2.15> <Storage> <Opcode : 'load' 'store'> <Ports = 2> <Width = 32> <Depth = 6> <RAM>
ST_5 : Operation 55 [1/1] (0.00ns)   --->   "br label %.preheader3"   --->   Operation 55 'br' <Predicate = (exitcond)> <Delay = 0.00>

State 6 <SV = 4> <Delay = 2.15>
ST_6 : Operation 56 [1/2] (2.15ns)   --->   "%x_load_4 = load float* %x_addr_4, align 4" [codegen/lib/lenetSynthMatlab/sum.c:73]   --->   Operation 56 'load' 'x_load_4' <Predicate = true> <Delay = 2.15> <Core = "RAM">   --->   Core 37 'RAM' <Latency = 1> <II = 1> <Delay = 2.15> <Storage> <Opcode : 'load' 'store'> <Ports = 2> <Width = 32> <Depth = 6> <RAM>
ST_6 : Operation 57 [1/2] (2.15ns)   --->   "%y_load = load float* %y_addr_4, align 4" [codegen/lib/lenetSynthMatlab/sum.c:73]   --->   Operation 57 'load' 'y_load' <Predicate = true> <Delay = 2.15> <Core = "RAM">   --->   Core 37 'RAM' <Latency = 1> <II = 1> <Delay = 2.15> <Storage> <Opcode : 'load' 'store'> <Ports = 2> <Width = 32> <Depth = 6> <RAM>

State 7 <SV = 5> <Delay = 8.26>
ST_7 : Operation 58 [5/5] (8.26ns)   --->   "%tmp_148 = fadd float %y_load, %x_load_4" [codegen/lib/lenetSynthMatlab/sum.c:73]   --->   Operation 58 'fadd' 'tmp_148' <Predicate = true> <Delay = 8.26> <Core = "FAddSub">   --->   Core 99 'FAddSub' <Latency = 4> <II = 1> <Delay = 8.26> <FuncUnit> <Opcode : 'fadd' 'fsub'> <InPorts = 2> <OutPorts = 1>

State 8 <SV = 6> <Delay = 8.26>
ST_8 : Operation 59 [4/5] (8.26ns)   --->   "%tmp_148 = fadd float %y_load, %x_load_4" [codegen/lib/lenetSynthMatlab/sum.c:73]   --->   Operation 59 'fadd' 'tmp_148' <Predicate = true> <Delay = 8.26> <Core = "FAddSub">   --->   Core 99 'FAddSub' <Latency = 4> <II = 1> <Delay = 8.26> <FuncUnit> <Opcode : 'fadd' 'fsub'> <InPorts = 2> <OutPorts = 1>

State 9 <SV = 7> <Delay = 8.26>
ST_9 : Operation 60 [3/5] (8.26ns)   --->   "%tmp_148 = fadd float %y_load, %x_load_4" [codegen/lib/lenetSynthMatlab/sum.c:73]   --->   Operation 60 'fadd' 'tmp_148' <Predicate = true> <Delay = 8.26> <Core = "FAddSub">   --->   Core 99 'FAddSub' <Latency = 4> <II = 1> <Delay = 8.26> <FuncUnit> <Opcode : 'fadd' 'fsub'> <InPorts = 2> <OutPorts = 1>

State 10 <SV = 8> <Delay = 8.26>
ST_10 : Operation 61 [2/5] (8.26ns)   --->   "%tmp_148 = fadd float %y_load, %x_load_4" [codegen/lib/lenetSynthMatlab/sum.c:73]   --->   Operation 61 'fadd' 'tmp_148' <Predicate = true> <Delay = 8.26> <Core = "FAddSub">   --->   Core 99 'FAddSub' <Latency = 4> <II = 1> <Delay = 8.26> <FuncUnit> <Opcode : 'fadd' 'fsub'> <InPorts = 2> <OutPorts = 1>

State 11 <SV = 9> <Delay = 8.26>
ST_11 : Operation 62 [1/5] (8.26ns)   --->   "%tmp_148 = fadd float %y_load, %x_load_4" [codegen/lib/lenetSynthMatlab/sum.c:73]   --->   Operation 62 'fadd' 'tmp_148' <Predicate = true> <Delay = 8.26> <Core = "FAddSub">   --->   Core 99 'FAddSub' <Latency = 4> <II = 1> <Delay = 8.26> <FuncUnit> <Opcode : 'fadd' 'fsub'> <InPorts = 2> <OutPorts = 1>

State 12 <SV = 10> <Delay = 2.15>
ST_12 : Operation 63 [1/1] (2.15ns)   --->   "store float %tmp_148, float* %y_addr_4, align 4" [codegen/lib/lenetSynthMatlab/sum.c:73]   --->   Operation 63 'store' <Predicate = true> <Delay = 2.15> <Core = "RAM">   --->   Core 37 'RAM' <Latency = 1> <II = 1> <Delay = 2.15> <Storage> <Opcode : 'load' 'store'> <Ports = 2> <Width = 32> <Depth = 6> <RAM>
ST_12 : Operation 64 [1/1] (0.00ns)   --->   "br label %.preheader" [codegen/lib/lenetSynthMatlab/sum.c:72]   --->   Operation 64 'br' <Predicate = true> <Delay = 0.00>


============================================================
+ Verbose Summary: Timing violations
============================================================
Target clock period: 10ns, clock uncertainty: 1.25ns.

 <State 1>: 1.66ns
The critical path consists of the following:
	multiplexor before 'phi' operation ('k') with incoming values : ('k', codegen/lib/lenetSynthMatlab/sum.c:67) [5]  (1.66 ns)

 <State 2>: 2.15ns
The critical path consists of the following:
	'phi' operation ('k') with incoming values : ('k', codegen/lib/lenetSynthMatlab/sum.c:67) [5]  (0 ns)
	'getelementptr' operation ('x_addr', codegen/lib/lenetSynthMatlab/sum.c:68) [12]  (0 ns)
	'load' operation ('x_load', codegen/lib/lenetSynthMatlab/sum.c:68) on array 'x' [13]  (2.15 ns)

 <State 3>: 4.3ns
The critical path consists of the following:
	'load' operation ('x_load', codegen/lib/lenetSynthMatlab/sum.c:68) on array 'x' [13]  (2.15 ns)
	'store' operation (codegen/lib/lenetSynthMatlab/sum.c:68) of variable 'x_load', codegen/lib/lenetSynthMatlab/sum.c:68 on array 'y' [15]  (2.15 ns)

 <State 4>: 1.86ns
The critical path consists of the following:
	'phi' operation ('k') with incoming values : ('k', codegen/lib/lenetSynthMatlab/sum.c:71) [20]  (0 ns)
	'shl' operation ('tmp_156', codegen/lib/lenetSynthMatlab/sum.c:73) [29]  (0 ns)
	'sub' operation ('tmp_s', codegen/lib/lenetSynthMatlab/sum.c:73) [31]  (1.86 ns)

 <State 5>: 5.88ns
The critical path consists of the following:
	'phi' operation ('b_k') with incoming values : ('b_k', codegen/lib/lenetSynthMatlab/sum.c:72) [34]  (0 ns)
	'add' operation ('tmp1', codegen/lib/lenetSynthMatlab/sum.c:73) [41]  (1.78 ns)
	'add' operation ('tmp_145', codegen/lib/lenetSynthMatlab/sum.c:73) [43]  (1.95 ns)
	'getelementptr' operation ('x_addr_4', codegen/lib/lenetSynthMatlab/sum.c:73) [45]  (0 ns)
	'load' operation ('x_load_4', codegen/lib/lenetSynthMatlab/sum.c:73) on array 'x' [46]  (2.15 ns)

 <State 6>: 2.15ns
The critical path consists of the following:
	'load' operation ('x_load_4', codegen/lib/lenetSynthMatlab/sum.c:73) on array 'x' [46]  (2.15 ns)

 <State 7>: 8.26ns
The critical path consists of the following:
	'fadd' operation ('tmp_148', codegen/lib/lenetSynthMatlab/sum.c:73) [50]  (8.26 ns)

 <State 8>: 8.26ns
The critical path consists of the following:
	'fadd' operation ('tmp_148', codegen/lib/lenetSynthMatlab/sum.c:73) [50]  (8.26 ns)

 <State 9>: 8.26ns
The critical path consists of the following:
	'fadd' operation ('tmp_148', codegen/lib/lenetSynthMatlab/sum.c:73) [50]  (8.26 ns)

 <State 10>: 8.26ns
The critical path consists of the following:
	'fadd' operation ('tmp_148', codegen/lib/lenetSynthMatlab/sum.c:73) [50]  (8.26 ns)

 <State 11>: 8.26ns
The critical path consists of the following:
	'fadd' operation ('tmp_148', codegen/lib/lenetSynthMatlab/sum.c:73) [50]  (8.26 ns)

 <State 12>: 2.15ns
The critical path consists of the following:
	'store' operation (codegen/lib/lenetSynthMatlab/sum.c:73) of variable 'tmp_148', codegen/lib/lenetSynthMatlab/sum.c:73 on array 'y' [51]  (2.15 ns)


============================================================
+ Verbose Summary: Binding
============================================================
N/A
* FSMD analyzer results:
  - Output states:
 - Input state : 
  - Chain level:
	State 1
	State 2
	State 3
	State 4
	State 5
	State 6
	State 7
	State 8
	State 9
	State 10
	State 11
	State 12


============================================================
+ Verbose Summary: Datapath Resource usage 
============================================================
N/A
