

================================================================
== Vivado HLS Report for 'b_max'
================================================================
* Date:           Mon Dec 10 15:19:44 2018

* Version:        2018.2 (Build 2258646 on Thu Jun 14 20:25:20 MDT 2018)
* Project:        hls8Bit16Quant
* Solution:       solution1
* Product family: artix7
* Target device:  xc7a100tcsg324-1


================================================================
== Performance Estimates
================================================================
+ Timing (ns): 
    * Summary: 
    +--------+-------+----------+------------+
    |  Clock | Target| Estimated| Uncertainty|
    +--------+-------+----------+------------+
    |ap_clk  |  10.00|     7.510|        1.25|
    +--------+-------+----------+------------+

+ Latency (clock cycles): 
    * Summary: 
    +-------+-------+-------+-------+---------+
    |    Latency    |    Interval   | Pipeline|
    |  min  |  max  |  min  |  max  |   Type  |
    +-------+-------+-------+-------+---------+
    |  15737|  15737|  15737|  15737|   none  |
    +-------+-------+-------+-------+---------+

    + Detail: 
        * Instance: 
        N/A

        * Loop: 
        +-----------------+-------+-------+----------+-----------+-----------+------+----------+
        |                 |    Latency    | Iteration|  Initiation Interval  | Trip |          |
        |    Loop Name    |  min  |  max  |  Latency |  achieved |   target  | Count| Pipelined|
        +-----------------+-------+-------+----------+-----------+-----------+------+----------+
        |- Loop 1         |  15736|  15736|       562|          -|          -|    28|    no    |
        | + Loop 1.1      |    560|    560|        20|          -|          -|    28|    no    |
        |  ++ Loop 1.1.1  |     18|     18|         3|          -|          -|     6|    no    |
        +-----------------+-------+-------+----------+-----------+-----------+------+----------+



================================================================
== Utilization Estimates
================================================================
* Summary: 
+-----------------+---------+-------+--------+-------+
|       Name      | BRAM_18K| DSP48E|   FF   |  LUT  |
+-----------------+---------+-------+--------+-------+
|DSP              |        -|      -|       -|      -|
|Expression       |        -|      -|       0|    175|
|FIFO             |        -|      -|       -|      -|
|Instance         |        -|      -|       -|      -|
|Memory           |        -|      -|       -|      -|
|Multiplexer      |        -|      -|       -|     74|
|Register         |        -|      -|     127|      -|
+-----------------+---------+-------+--------+-------+
|Total            |        0|      0|     127|    249|
+-----------------+---------+-------+--------+-------+
|Available        |      270|    240|  126800|  63400|
+-----------------+---------+-------+--------+-------+
|Utilization (%)  |        0|      0|   ~0   |   ~0  |
+-----------------+---------+-------+--------+-------+

+ Detail: 
    * Instance: 
    N/A

    * DSP48: 
    N/A

    * Memory: 
    N/A

    * FIFO: 
    N/A

    * Expression: 
    +---------------------+----------+-------+---+----+------------+------------+
    |    Variable Name    | Operation| DSP48E| FF| LUT| Bitwidth P0| Bitwidth P1|
    +---------------------+----------+-------+---+----+------------+------------+
    |b_k_2_fu_134_p2      |     +    |      0|  0|  15|           5|           1|
    |c_k_2_fu_180_p2      |     +    |      0|  0|  12|           3|           1|
    |k_4_fu_122_p2        |     +    |      0|  0|  15|           5|           1|
    |next_mul_fu_110_p2   |     +    |      0|  0|  20|          13|           8|
    |tmp1_fu_186_p2       |     +    |      0|  0|  16|           9|           9|
    |tmp_97_fu_195_p2     |     +    |      0|  0|  21|          14|          14|
    |tmp_s_fu_164_p2      |     -    |      0|  0|  16|           9|           9|
    |exitcond1_fu_128_p2  |   icmp   |      0|  0|  11|           5|           4|
    |exitcond2_fu_116_p2  |   icmp   |      0|  0|  11|           5|           4|
    |exitcond_fu_174_p2   |   icmp   |      0|  0|   9|           3|           3|
    |tmp_99_fu_209_p2     |   icmp   |      0|  0|  13|          16|           1|
    |maxval_d0            |  select  |      0|  0|  16|           1|          16|
    +---------------------+----------+-------+---+----+------------+------------+
    |Total                |          |      0|  0| 175|          88|          71|
    +---------------------+----------+-------+---+----+------------+------------+

    * Multiplexer: 
    +----------------+----+-----------+-----+-----------+
    |      Name      | LUT| Input Size| Bits| Total Bits|
    +----------------+----+-----------+-----+-----------+
    |ap_NS_fsm       |  38|          7|    1|          7|
    |b_k_reg_84      |   9|          2|    5|         10|
    |c_k_reg_95      |   9|          2|    3|          6|
    |k_reg_62        |   9|          2|    5|         10|
    |phi_mul_reg_73  |   9|          2|   13|         26|
    +----------------+----+-----------+-----+-----------+
    |Total           |  74|         15|   27|         59|
    +----------------+----+-----------+-----+-----------+

    * Register: 
    +----------------------+----+----+-----+-----------+
    |         Name         | FF | LUT| Bits| Const Bits|
    +----------------------+----+----+-----+-----------+
    |ap_CS_fsm             |   6|   0|    6|          0|
    |b_k_2_reg_243         |   5|   0|    5|          0|
    |b_k_reg_84            |   5|   0|    5|          0|
    |b_y0_load_reg_271     |  16|   0|   16|          0|
    |c_k_2_reg_256         |   3|   0|    3|          0|
    |c_k_reg_95            |   3|   0|    3|          0|
    |k_4_reg_235           |   5|   0|    5|          0|
    |k_reg_62              |   5|   0|    5|          0|
    |next_mul_reg_227      |  13|   0|   13|          0|
    |phi_mul_cast_reg_222  |  13|   0|   14|          1|
    |phi_mul_reg_73        |  13|   0|   13|          0|
    |tmp_98_reg_261        |  32|   0|   64|         32|
    |tmp_s_reg_248         |   8|   0|    9|          1|
    +----------------------+----+----+-----+-----------+
    |Total                 | 127|   0|  161|         34|
    +----------------------+----+----+-----+-----------+



================================================================
== Interface
================================================================
* Summary: 
+-----------------+-----+-----+------------+--------------+--------------+
|    RTL Ports    | Dir | Bits|  Protocol  | Source Object|    C Type    |
+-----------------+-----+-----+------------+--------------+--------------+
|ap_clk           |  in |    1| ap_ctrl_hs |     b_max    | return value |
|ap_rst           |  in |    1| ap_ctrl_hs |     b_max    | return value |
|ap_start         |  in |    1| ap_ctrl_hs |     b_max    | return value |
|ap_done          | out |    1| ap_ctrl_hs |     b_max    | return value |
|ap_idle          | out |    1| ap_ctrl_hs |     b_max    | return value |
|ap_ready         | out |    1| ap_ctrl_hs |     b_max    | return value |
|b_y0_address0    | out |   13|  ap_memory |     b_y0     |     array    |
|b_y0_ce0         | out |    1|  ap_memory |     b_y0     |     array    |
|b_y0_q0          |  in |   16|  ap_memory |     b_y0     |     array    |
|maxval_address0  | out |   13|  ap_memory |    maxval    |     array    |
|maxval_ce0       | out |    1|  ap_memory |    maxval    |     array    |
|maxval_we0       | out |    1|  ap_memory |    maxval    |     array    |
|maxval_d0        | out |   16|  ap_memory |    maxval    |     array    |
+-----------------+-----+-----+------------+--------------+--------------+

