

================================================================
== Vivado HLS Report for 'sum'
================================================================
* Date:           Mon Dec 10 15:19:43 2018

* Version:        2018.2 (Build 2258646 on Thu Jun 14 20:25:20 MDT 2018)
* Project:        hls8Bit16Quant
* Solution:       solution1
* Product family: artix7
* Target device:  xc7a100tcsg324-1


================================================================
== Performance Estimates
================================================================
+ Timing (ns): 
    * Summary: 
    +--------+-------+----------+------------+
    |  Clock | Target| Estimated| Uncertainty|
    +--------+-------+----------+------------+
    |ap_clk  |  10.00|     6.700|        1.25|
    +--------+-------+----------+------------+

+ Latency (clock cycles): 
    * Summary: 
    +-----+-----+-----+-----+---------+
    |  Latency  |  Interval | Pipeline|
    | min | max | min | max |   Type  |
    +-----+-----+-----+-----+---------+
    |   76|  236|   76|  236|   none  |
    +-----+-----+-----+-----+---------+

    + Detail: 
        * Instance: 
        N/A

        * Loop: 
        +-------------+-----+-----+----------+-----------+-----------+------+----------+
        |             |  Latency  | Iteration|  Initiation Interval  | Trip |          |
        |  Loop Name  | min | max |  Latency |  achieved |   target  | Count| Pipelined|
        +-------------+-----+-----+----------+-----------+-----------+------+----------+
        |- Loop 1     |   75|  235|  15 ~ 47 |          -|          -|     5|    no    |
        | + Loop 1.1  |   12|   44|  3 ~ 11  |          -|          -|     4|    no    |
        +-------------+-----+-----+----------+-----------+-----------+------+----------+



================================================================
== Utilization Estimates
================================================================
* Summary: 
+-----------------+---------+-------+--------+-------+
|       Name      | BRAM_18K| DSP48E|   FF   |  LUT  |
+-----------------+---------+-------+--------+-------+
|DSP              |        -|      -|       -|      -|
|Expression       |        -|      0|       0|    528|
|FIFO             |        -|      -|       -|      -|
|Instance         |        -|      -|      70|     29|
|Memory           |        -|      -|       -|      -|
|Multiplexer      |        -|      -|       -|    202|
|Register         |        -|      -|     168|      -|
+-----------------+---------+-------+--------+-------+
|Total            |        0|      0|     238|    759|
+-----------------+---------+-------+--------+-------+
|Available        |      270|    240|  126800|  63400|
+-----------------+---------+-------+--------+-------+
|Utilization (%)  |        0|      0|   ~0   |      1|
+-----------------+---------+-------+--------+-------+

+ Detail: 
    * Instance: 
    +-------------------------+----------------------+---------+-------+----+----+
    |         Instance        |        Module        | BRAM_18K| DSP48E| FF | LUT|
    +-------------------------+----------------------+---------+-------+----+----+
    |lenetSynthMatlab_bkb_U1  |lenetSynthMatlab_bkb  |        0|      0|  70|  29|
    +-------------------------+----------------------+---------+-------+----+----+
    |Total                    |                      |        0|      0|  70|  29|
    +-------------------------+----------------------+---------+-------+----+----+

    * DSP48: 
    N/A

    * Memory: 
    N/A

    * FIFO: 
    N/A

    * Expression: 
    +----------------------------+----------+-------+---+----+------------+------------+
    |        Variable Name       | Operation| DSP48E| FF| LUT| Bitwidth P0| Bitwidth P1|
    +----------------------------+----------+-------+---+----+------------+------------+
    |mul4_fu_301_p2              |     *    |      0|  0|  26|           6|           5|
    |mul_fu_349_p2               |     *    |      0|  0|  26|           6|           5|
    |grp_fu_195_p0               |     +    |      0|  0|  15|           5|           1|
    |i19_1_fu_336_p2             |     +    |      0|  0|  15|           5|           5|
    |i19_2_fu_255_p2             |     +    |      0|  0|  39|          32|           3|
    |i19_3_fu_267_p2             |     +    |      0|  0|  39|          32|           6|
    |i19_fu_384_p2               |     +    |      0|  0|  15|           5|           5|
    |i_fu_286_p2                 |     +    |      0|  0|  12|           3|           1|
    |indvars_iv_next2_fu_206_p2  |     +    |      0|  0|  12|           3|           1|
    |indvars_iv_next_fu_292_p2   |     +    |      0|  0|  15|           5|           3|
    |ix_2_fu_221_p2              |     +    |      0|  0|  15|           3|           6|
    |ixstart_3_fu_419_p2         |     +    |      0|  0|  39|          32|          32|
    |ixstart_5_fu_425_p2         |     +    |      0|  0|  33|          26|          26|
    |ixstart_6_cast_fu_431_p2    |     +    |      0|  0|  34|          27|          27|
    |ixstart_cast_fu_227_p2      |     +    |      0|  0|  15|           1|           5|
    |tmp1_fu_375_p2              |     +    |      0|  0|  13|           4|           4|
    |tmp2_fu_327_p2              |     +    |      0|  0|  13|           4|           4|
    |exitcond1_fu_200_p2         |   icmp   |      0|  0|   9|           3|           3|
    |exitcond_fu_236_p2          |   icmp   |      0|  0|  11|           5|           5|
    |tmp_3_fu_249_p2             |   icmp   |      0|  0|  18|          32|          31|
    |tmp_9_fu_261_p2             |   icmp   |      0|  0|  18|          32|           5|
    |ixstart_4_fu_445_p2         |    or    |      0|  0|  32|          32|          28|
    |ixstart_2_fu_455_p3         |  select  |      0|  0|  32|           1|          32|
    |p_s_fu_273_p3               |  select  |      0|  0|  32|           1|          32|
    +----------------------------+----------+-------+---+----+------------+------------+
    |Total                       |          |      0|  0| 528|         305|         275|
    +----------------------------+----------+-------+---+----+------------+------------+

    * Multiplexer: 
    +--------------------+-----+-----------+-----+-----------+
    |        Name        | LUT | Input Size| Bits| Total Bits|
    +--------------------+-----+-----------+-----+-----------+
    |X_address0          |   15|          3|    5|         15|
    |ap_NS_fsm           |  109|         23|    1|         23|
    |i19_4_reg_182       |   15|          3|   32|         96|
    |i1_reg_138          |    9|          2|   32|         64|
    |indvars_iv1_reg_92  |    9|          2|    3|          6|
    |indvars_iv_reg_103  |    9|          2|    5|         10|
    |ix_1_reg_160        |    9|          2|    5|         10|
    |ix_reg_127          |    9|          2|    6|         12|
    |ixstart_1_reg_149   |    9|          2|   32|         64|
    |iy_reg_115          |    9|          2|    3|          6|
    +--------------------+-----+-----------+-----+-----------+
    |Total               |  202|         43|  124|        306|
    +--------------------+-----+-----------+-----+-----------+

    * Register: 
    +--------------------------+----+----+-----+-----------+
    |           Name           | FF | LUT| Bits| Const Bits|
    +--------------------------+----+----+-----+-----------+
    |ap_CS_fsm                 |  22|   0|   22|          0|
    |b0_reg_169                |   1|   0|    1|          0|
    |i19_4_reg_182             |  32|   0|   32|          0|
    |i1_reg_138                |  32|   0|   32|          0|
    |indvars_iv1_reg_92        |   3|   0|    3|          0|
    |indvars_iv_next2_reg_466  |   3|   0|    3|          0|
    |indvars_iv_reg_103        |   5|   0|    5|          0|
    |ix_1_reg_160              |   5|   0|    5|          0|
    |ix_2_reg_481              |   6|   0|    6|          0|
    |ix_3_reg_499              |   5|   0|    5|          0|
    |ix_reg_127                |   6|   0|    6|          0|
    |ixstart_1_reg_149         |  32|   0|   32|          0|
    |iy_reg_115                |   3|   0|    3|          0|
    |tmp_11_cast_reg_535       |   4|   0|    4|          0|
    |tmp_15_cast_reg_525       |   4|   0|    4|          0|
    |tmp_reg_471               |   5|   0|    5|          0|
    +--------------------------+----+----+-----+-----------+
    |Total                     | 168|   0|  168|          0|
    +--------------------------+----+----+-----+-----------+



================================================================
== Interface
================================================================
* Summary: 
+------------+-----+-----+------------+--------------+--------------+
|  RTL Ports | Dir | Bits|  Protocol  | Source Object|    C Type    |
+------------+-----+-----+------------+--------------+--------------+
|ap_clk      |  in |    1| ap_ctrl_hs |      sum     | return value |
|ap_rst      |  in |    1| ap_ctrl_hs |      sum     | return value |
|ap_start    |  in |    1| ap_ctrl_hs |      sum     | return value |
|ap_done     | out |    1| ap_ctrl_hs |      sum     | return value |
|ap_idle     | out |    1| ap_ctrl_hs |      sum     | return value |
|ap_ready    | out |    1| ap_ctrl_hs |      sum     | return value |
|X_address0  | out |    5|  ap_memory |       X      |     array    |
|X_ce0       | out |    1|  ap_memory |       X      |     array    |
|X_q0        |  in |    1|  ap_memory |       X      |     array    |
|Y_address0  | out |    3|  ap_memory |       Y      |     array    |
|Y_ce0       | out |    1|  ap_memory |       Y      |     array    |
|Y_we0       | out |    1|  ap_memory |       Y      |     array    |
|Y_d0        | out |   32|  ap_memory |       Y      |     array    |
+------------+-----+-----+------------+--------------+--------------+

